Archive member included to satisfy reference by file (symbol)

c:/nxp/mcuxpressoide_11.9.1_2170/ide/plugins/com.nxp.mcuxpresso.tools.win32_11.9.1.202402080819/tools/bin/../lib/gcc/arm-none-eabi/12.3.1/../../../../arm-none-eabi/lib/thumb/v8-m.main+fp/hard\libcr_semihost_nf.a(_cr__main.o)
                              ./startup/startup_mcxn947_cm33_core0.o (__main)
c:/nxp/mcuxpressoide_11.9.1_2170/ide/plugins/com.nxp.mcuxpresso.tools.win32_11.9.1.202402080819/tools/bin/../lib/gcc/arm-none-eabi/12.3.1/../../../../arm-none-eabi/lib/thumb/v8-m.main+fp/hard\libcr_c.a(memset.o)
                              ./drivers/fsl_edma.o (memset)
c:/nxp/mcuxpressoide_11.9.1_2170/ide/plugins/com.nxp.mcuxpresso.tools.win32_11.9.1.202402080819/tools/bin/../lib/gcc/arm-none-eabi/12.3.1/../../../../arm-none-eabi/lib/thumb/v8-m.main+fp/hard\libcr_c.a(alloc.o)
                              ./drivers/fsl_common.o (malloc)
c:/nxp/mcuxpressoide_11.9.1_2170/ide/plugins/com.nxp.mcuxpresso.tools.win32_11.9.1.202402080819/tools/bin/../lib/gcc/arm-none-eabi/12.3.1/../../../../arm-none-eabi/lib/thumb/v8-m.main+fp/hard\libcr_c.a(errno.o)
                              ./utilities/fsl_str.o (errno)
c:/nxp/mcuxpressoide_11.9.1_2170/ide/plugins/com.nxp.mcuxpresso.tools.win32_11.9.1.202402080819/tools/bin/../lib/gcc/arm-none-eabi/12.3.1/../../../../arm-none-eabi/lib/thumb/v8-m.main+fp/hard\libcr_c.a(initio.o)
                              c:/nxp/mcuxpressoide_11.9.1_2170/ide/plugins/com.nxp.mcuxpresso.tools.win32_11.9.1.202402080819/tools/bin/../lib/gcc/arm-none-eabi/12.3.1/../../../../arm-none-eabi/lib/thumb/v8-m.main+fp/hard\libcr_semihost_nf.a(_cr__main.o) (_initio)
c:/nxp/mcuxpressoide_11.9.1_2170/ide/plugins/com.nxp.mcuxpresso.tools.win32_11.9.1.202402080819/tools/bin/../lib/gcc/arm-none-eabi/12.3.1/../../../../arm-none-eabi/lib/thumb/v8-m.main+fp/hard\libcr_c.a(printf.o)
                              ./utilities/fsl_assert.o (_printf)
c:/nxp/mcuxpressoide_11.9.1_2170/ide/plugins/com.nxp.mcuxpresso.tools.win32_11.9.1.202402080819/tools/bin/../lib/gcc/arm-none-eabi/12.3.1/../../../../arm-none-eabi/lib/thumb/v8-m.main+fp/hard\libcr_c.a(scanf.o)
                              ./utilities/fsl_str.o (strtoul)
c:/nxp/mcuxpressoide_11.9.1_2170/ide/plugins/com.nxp.mcuxpresso.tools.win32_11.9.1.202402080819/tools/bin/../lib/gcc/arm-none-eabi/12.3.1/../../../../arm-none-eabi/lib/thumb/v8-m.main+fp/hard\libcr_c.a(setvbuf.o)
                              c:/nxp/mcuxpressoide_11.9.1_2170/ide/plugins/com.nxp.mcuxpresso.tools.win32_11.9.1.202402080819/tools/bin/../lib/gcc/arm-none-eabi/12.3.1/../../../../arm-none-eabi/lib/thumb/v8-m.main+fp/hard\libcr_c.a(initio.o) (setvbuf)
c:/nxp/mcuxpressoide_11.9.1_2170/ide/plugins/com.nxp.mcuxpresso.tools.win32_11.9.1.202402080819/tools/bin/../lib/gcc/arm-none-eabi/12.3.1/../../../../arm-none-eabi/lib/thumb/v8-m.main+fp/hard\libcr_c.a(strlen.o)
                              ./utilities/fsl_str.o (strlen)
c:/nxp/mcuxpressoide_11.9.1_2170/ide/plugins/com.nxp.mcuxpresso.tools.win32_11.9.1.202402080819/tools/bin/../lib/gcc/arm-none-eabi/12.3.1/../../../../arm-none-eabi/lib/thumb/v8-m.main+fp/hard\libcr_c.a(ungetc.o)
                              c:/nxp/mcuxpressoide_11.9.1_2170/ide/plugins/com.nxp.mcuxpresso.tools.win32_11.9.1.202402080819/tools/bin/../lib/gcc/arm-none-eabi/12.3.1/../../../../arm-none-eabi/lib/thumb/v8-m.main+fp/hard\libcr_c.a(scanf.o) (ungetc)
c:/nxp/mcuxpressoide_11.9.1_2170/ide/plugins/com.nxp.mcuxpresso.tools.win32_11.9.1.202402080819/tools/bin/../lib/gcc/arm-none-eabi/12.3.1/../../../../arm-none-eabi/lib/thumb/v8-m.main+fp/hard\libcr_c.a(__fillbuf.o)
                              c:/nxp/mcuxpressoide_11.9.1_2170/ide/plugins/com.nxp.mcuxpresso.tools.win32_11.9.1.202402080819/tools/bin/../lib/gcc/arm-none-eabi/12.3.1/../../../../arm-none-eabi/lib/thumb/v8-m.main+fp/hard\libcr_c.a(scanf.o) (__filbuf)
c:/nxp/mcuxpressoide_11.9.1_2170/ide/plugins/com.nxp.mcuxpresso.tools.win32_11.9.1.202402080819/tools/bin/../lib/gcc/arm-none-eabi/12.3.1/../../../../arm-none-eabi/lib/thumb/v8-m.main+fp/hard\libcr_c.a(__init_alloc.o)
                              c:/nxp/mcuxpressoide_11.9.1_2170/ide/plugins/com.nxp.mcuxpresso.tools.win32_11.9.1.202402080819/tools/bin/../lib/gcc/arm-none-eabi/12.3.1/../../../../arm-none-eabi/lib/thumb/v8-m.main+fp/hard\libcr_c.a(alloc.o) (__heaps)
c:/nxp/mcuxpressoide_11.9.1_2170/ide/plugins/com.nxp.mcuxpresso.tools.win32_11.9.1.202402080819/tools/bin/../lib/gcc/arm-none-eabi/12.3.1/../../../../arm-none-eabi/lib/thumb/v8-m.main+fp/hard\libcr_c.a(_cr_sbrk.o)
                              c:/nxp/mcuxpressoide_11.9.1_2170/ide/plugins/com.nxp.mcuxpresso.tools.win32_11.9.1.202402080819/tools/bin/../lib/gcc/arm-none-eabi/12.3.1/../../../../arm-none-eabi/lib/thumb/v8-m.main+fp/hard\libcr_c.a(alloc.o) (_sbrk)
[...]
Memory Configuration

Name             Origin             Length             Attributes
PROGRAM_FLASH0   0x00000000         0x00100000         xr
PROGRAM_FLASH1   0x00100000         0x00100000         xr
SRAM             0x20000000         0x00060000         xrw
SRAMX            0x04000000         0x00018000         xrw
SRAMH            0x20060000         0x00008000         xrw
USB_RAM          0x400ba000         0x00001000         xrw
*default*        0x00000000         0xffffffff

Linker script and memory map

LOAD ./utilities/fsl_assert.o
LOAD ./utilities/fsl_debug_console.o
LOAD ./utilities/fsl_memcpy.o
LOAD ./utilities/fsl_str.o
LOAD ./startup/boot_multicore_slave.o
LOAD ./startup/startup_mcxn947_cm33_core0.o
LOAD ./source/esc.o
LOAD ./source/hbridge.o
LOAD ./source/main.o
LOAD ./source/pixy.o
LOAD ./source/semihost_hardfault.o
LOAD ./source/servo.o
LOAD ./drivers/fsl_clock.o
LOAD ./drivers/fsl_common.o
LOAD ./drivers/fsl_common_arm.o
LOAD ./drivers/fsl_edma.o
LOAD ./drivers/fsl_edma_soc.o
LOAD ./drivers/fsl_flexio.o
LOAD ./drivers/fsl_flexio_i2c_master.o
LOAD ./drivers/fsl_gpio.o
LOAD ./drivers/fsl_inputmux.o
LOAD ./drivers/fsl_lpflexcomm.o
LOAD ./drivers/fsl_lpi2c.o
LOAD ./drivers/fsl_lpi2c_cmsis.o
LOAD ./drivers/fsl_lpi2c_edma.o
LOAD ./drivers/fsl_lpuart.o
LOAD ./drivers/fsl_pwm.o
LOAD ./drivers/fsl_reset.o
LOAD ./drivers/fsl_spc.o
LOAD ./device/system_MCXN947_cm33_core0.o
LOAD ./component/uart/fsl_adapter_lpuart.o
LOAD ./component/lists/fsl_component_generic_list.o
LOAD ./board/board.o
LOAD ./board/clock_config.o
LOAD ./board/peripherals.o
LOAD ./board/pin_mux.o
START GROUP
LOAD c:/nxp/mcuxpressoide_11.9.1_2170/ide/plugins/com.nxp.mcuxpresso.tools.win32_11.9.1.202402080819/tools/bin/../lib/gcc/arm-none-eabi/12.3.1/../../../../arm-none-eabi/lib/thumb/v8-m.main+fp/hard\libcr_semihost_nf.a
LOAD c:/nxp/mcuxpressoide_11.9.1_2170/ide/plugins/com.nxp.mcuxpresso.tools.win32_11.9.1.202402080819/tools/bin/../lib/gcc/arm-none-eabi/12.3.1/../../../../arm-none-eabi/lib/thumb/v8-m.main+fp/hard\libcr_c.a
LOAD c:/nxp/mcuxpressoide_11.9.1_2170/ide/plugins/com.nxp.mcuxpresso.tools.win32_11.9.1.202402080819/tools/bin/../lib/gcc/arm-none-eabi/12.3.1/thumb/v8-m.main+fp/hard\libcr_eabihelpers.a
LOAD c:/nxp/mcuxpressoide_11.9.1_2170/ide/plugins/com.nxp.mcuxpresso.tools.win32_11.9.1.202402080819/tools/bin/../lib/gcc/arm-none-eabi/12.3.1/thumb/v8-m.main+fp/hard\libgcc.a
END GROUP
                0x00000000                        __base_PROGRAM_FLASH0 = 0x0
                0x00000000                        __base_Flash = 0x0
                0x00100000                        __top_PROGRAM_FLASH0 = 0x100000
                0x00100000                        __top_Flash = 0x100000
                0x00100000                        __base_PROGRAM_FLASH1 = 0x100000
                0x00100000                        __base_Flash2 = 0x100000
                0x00200000                        __top_PROGRAM_FLASH1 = 0x200000
                0x00200000                        __top_Flash2 = 0x200000
                0x20000000                        __base_SRAM = 0x20000000
                0x20000000                        __base_RAM = 0x20000000
                0x20060000                        __top_SRAM = 0x20060000
                0x20060000                        __top_RAM = 0x20060000
                0x04000000                        __base_SRAMX = 0x4000000
                0x04000000                        __base_RAM2 = 0x4000000
                0x04018000                        __top_SRAMX = 0x4018000
                0x04018000                        __top_RAM2 = 0x4018000
                0x20060000                        __base_SRAMH = 0x20060000
                0x20060000                        __base_RAM3 = 0x20060000
                0x20068000                        __top_SRAMH = 0x20068000
                0x20068000                        __top_RAM3 = 0x20068000
                0x400ba000                        __base_USB_RAM = 0x400ba000
                0x400ba000                        __base_RAM4 = 0x400ba000
                0x400bb000                        __top_USB_RAM = 0x400bb000
                0x400bb000                        __top_RAM4 = 0x400bb000

.text_Flash2    0x00100000        0x0
 FILL mask 0xff
 *(SORT_BY_ALIGNMENT(.text_Flash2))
 *(SORT_BY_ALIGNMENT(.text_PROGRAM_FLASH1))
 *(SORT_BY_ALIGNMENT(.text.$Flash2))
 *(SORT_BY_ALIGNMENT(.text.$PROGRAM_FLASH1))
 *(SORT_BY_ALIGNMENT(.text_Flash2.*))
 *(SORT_BY_ALIGNMENT(.text_PROGRAM_FLASH1.*))
 *(SORT_BY_ALIGNMENT(.text.$Flash2.*))
 *(SORT_BY_ALIGNMENT(.text.$PROGRAM_FLASH1.*))
 *(SORT_BY_ALIGNMENT(.rodata.$Flash2))
 *(SORT_BY_ALIGNMENT(.rodata.$PROGRAM_FLASH1))
 *(SORT_BY_ALIGNMENT(.rodata.$Flash2.*))
 *(SORT_BY_ALIGNMENT(.rodata.$PROGRAM_FLASH1.*))

.text           0x00000000     0x9424
 FILL mask 0xff
                0x00000000                        __vectors_start__ = ABSOLUTE (.)
 *(SORT_BY_ALIGNMENT(.isr_vector))
 .isr_vector    0x00000000      0x2b0 ./startup/startup_mcxn947_cm33_core0.o
                0x00000000                g_pfnVectors
                0x00000000                __Vectors
                0x000002b0                        . = ALIGN (0x4)
                0x000002b0                        __section_table_start = .
                0x000002b0                        __data_section_table = .
                0x000002b0        0x4 LONG 0x9424 LOADADDR (.data)
                0x000002b4        0x4 LONG 0x20000000 ADDR (.data)
                0x000002b8        0x4 LONG 0x34 SIZEOF (.data)
                0x000002bc        0x4 LONG 0x9424 LOADADDR (.data_RAM2)
                0x000002c0        0x4 LONG 0x4000000 ADDR (.data_RAM2)
                0x000002c4        0x4 LONG 0x0 SIZEOF (.data_RAM2)
                0x000002c8        0x4 LONG 0x9424 LOADADDR (.data_RAM3)
                0x000002cc        0x4 LONG 0x20060000 ADDR (.data_RAM3)
                0x000002d0        0x4 LONG 0x0 SIZEOF (.data_RAM3)
                0x000002d4        0x4 LONG 0x9424 LOADADDR (.data_RAM4)
                0x000002d8        0x4 LONG 0x400ba000 ADDR (.data_RAM4)
                0x000002dc        0x4 LONG 0x0 SIZEOF (.data_RAM4)
                0x000002e0                        __data_section_table_end = .
                0x000002e0                        __bss_section_table = .
                0x000002e0        0x4 LONG 0x20000034 ADDR (.bss)
                0x000002e4        0x4 LONG 0x79c SIZEOF (.bss)
                0x000002e8        0x4 LONG 0x4000000 ADDR (.bss_RAM2)
                0x000002ec        0x4 LONG 0x0 SIZEOF (.bss_RAM2)
                0x000002f0        0x4 LONG 0x20060000 ADDR (.bss_RAM3)
                0x000002f4        0x4 LONG 0x0 SIZEOF (.bss_RAM3)
                0x000002f8        0x4 LONG 0x400ba000 ADDR (.bss_RAM4)
                0x000002fc        0x4 LONG 0x0 SIZEOF (.bss_RAM4)
                0x00000300                        __bss_section_table_end = .
                0x00000300                        __section_table_end = .
 *(SORT_BY_ALIGNMENT(.after_vectors*))
 .after_vectors.reset
                0x00000300       0x68 ./startup/startup_mcxn947_cm33_core0.o
                0x00000300                ResetISR
 .after_vectors.init_data
                0x00000368       0x1e ./startup/startup_mcxn947_cm33_core0.o
                0x00000368                data_init
 .after_vectors.init_bss
                0x00000386       0x12 ./startup/startup_mcxn947_cm33_core0.o
                0x00000386                bss_init
 .after_vectors
                0x00000398       0x16 ./startup/startup_mcxn947_cm33_core0.o
                0x00000398                NMI_Handler
                0x0000039c                MemManage_Handler
                0x0000039e                BusFault_Handler
                0x000003a0                UsageFault_Handler
                0x000003a2                SecureFault_Handler
                0x000003a4                SVC_Handler
                0x000003a6                DebugMon_Handler
                0x000003a8                PendSV_Handler
                0x000003aa                SysTick_Handler
                0x000003ac                CMC0_DriverIRQHandler
                0x000003ac                LPTMR0_DriverIRQHandler
                0x000003ac                SCG_DriverIRQHandler
                0x000003ac                QDC1_HOME_DriverIRQHandler
                0x000003ac                FLEXPWM1_SUBMODULE1_DriverIRQHandler
                0x000003ac                FLEXPWM0_SUBMODULE1_DriverIRQHandler
                0x000003ac                PKC_ERR_DriverIRQHandler
                0x000003ac                EMVSIM0_DriverIRQHandler
                0x000003ac                FLEXPWM0_RELOAD_ERROR_DriverIRQHandler
                0x000003ac                QDC0_HOME_DriverIRQHandler
                0x000003ac                Reserved167_DriverIRQHandler
                0x000003ac                USB0_FS_DriverIRQHandler
                0x000003ac                ERM_MULTI_BIT_ERROR_DriverIRQHandler
                0x000003ac                GPIO31_DriverIRQHandler
                0x000003ac                EWM0_DriverIRQHandler
                0x000003ac                PKC_DriverIRQHandler
                0x000003ac                USB1_HS_PHY_DriverIRQHandler
                0x000003ac                QDC0_IDX_DriverIRQHandler
                0x000003ac                ELS_DriverIRQHandler
                0x000003ac                Reserved166_DriverIRQHandler
                0x000003ac                ETHERNET_DriverIRQHandler
                0x000003ac                QDC1_IDX_DriverIRQHandler
                0x000003ac                FLEXPWM1_SUBMODULE3_DriverIRQHandler
                0x000003ac                DAC1_DriverIRQHandler
                0x000003ac                CTIMER2_DriverIRQHandler
                0x000003ac                SEC_VIO_DriverIRQHandler
                0x000003ac                ITRC0_DriverIRQHandler
                0x000003ac                ETB0_DriverIRQHandler
                0x000003ac                Freqme_DriverIRQHandler
                0x000003ac                Reserved80_DriverIRQHandler
                0x000003ac                IntDefaultHandler
                0x000003ac                ELS_ERR_DriverIRQHandler
                0x000003ac                DAC0_DriverIRQHandler
                0x000003ac                MRT0_DriverIRQHandler
                0x000003ac                UTICK0_DriverIRQHandler
                0x000003ac                FLEXPWM0_SUBMODULE2_DriverIRQHandler
                0x000003ac                GPIO01_DriverIRQHandler
                0x000003ac                WWDT0_DriverIRQHandler
                0x000003ac                USDHC0_DriverIRQHandler
                0x000003ac                GPIO00_DriverIRQHandler
                0x000003ac                GPIO11_DriverIRQHandler
                0x000003ac                CTIMER4_DriverIRQHandler
                0x000003ac                BSP32_DriverIRQHandler
                0x000003ac                FLEXPWM0_FAULT_DriverIRQHandler
                0x000003ac                SAI1_DriverIRQHandler
                0x000003ac                ERM_SINGLE_BIT_ERROR_DriverIRQHandler
                0x000003ac                WWDT1_DriverIRQHandler
                0x000003ac                FLEXPWM1_FAULT_DriverIRQHandler
                0x000003ac                GPIO30_DriverIRQHandler
                0x000003ac                CTIMER0_DriverIRQHandler
                0x000003ac                CTIMER1_DriverIRQHandler
                0x000003ac                QDC0_COMPARE_DriverIRQHandler
                0x000003ac                HSCMP1_DriverIRQHandler
                0x000003ac                ADC1_DriverIRQHandler
                0x000003ac                PQ_DriverIRQHandler
                0x000003ac                ETHERNET_MACLP_DriverIRQHandler
                0x000003ac                USB0_DCD_DriverIRQHandler
                0x000003ac                MAILBOX_DriverIRQHandler
                0x000003ac                WUU_DriverIRQHandler
                0x000003ac                CTIMER3_DriverIRQHandler
                0x000003ac                FLEXPWM1_SUBMODULE0_DriverIRQHandler
                0x000003ac                CDOG1_DriverIRQHandler
                0x000003ac                TSI_OUT_OF_SCAN_DriverIRQHandler
                0x000003ac                PUF_DriverIRQHandler
                0x000003ac                SPC_DriverIRQHandler
                0x000003ac                RTC_DriverIRQHandler
                0x000003ac                VBAT0_DriverIRQHandler
                0x000003ac                Reserved65_DriverIRQHandler
                0x000003ac                HSCMP2_DriverIRQHandler
                0x000003ac                PINT0_DriverIRQHandler
                0x000003ac                PDM_EVENT_DriverIRQHandler
                0x000003ac                I3C0_DriverIRQHandler
                0x000003ac                ETHERNET_PMT_DriverIRQHandler
                0x000003ac                FLEXPWM1_RELOAD_ERROR_DriverIRQHandler
                0x000003ac                FMU0_DriverIRQHandler
                0x000003ac                QDC1_COMPARE_DriverIRQHandler
                0x000003ac                LPTMR1_DriverIRQHandler
                0x000003ac                GPIO40_DriverIRQHandler
                0x000003ac                CTI0_DriverIRQHandler
                0x000003ac                FLEXPWM1_SUBMODULE2_DriverIRQHandler
                0x000003ac                GPIO20_DriverIRQHandler
                0x000003ac                QDC1_WDG_SAB_DriverIRQHandler
                0x000003ac                GDET_DriverIRQHandler
                0x000003ac                PORT_EFT_DriverIRQHandler
                0x000003ac                Reserved85_DriverIRQHandler
                0x000003ac                Reserved81_DriverIRQHandler
                0x000003ac                TSI_END_OF_SCAN_DriverIRQHandler
                0x000003ac                FLEXPWM0_SUBMODULE3_DriverIRQHandler
                0x000003ac                ADC0_DriverIRQHandler
                0x000003ac                OR_DriverIRQHandler
                0x000003ac                USB1_HS_DriverIRQHandler
                0x000003ac                DAC2_DriverIRQHandler
                0x000003ac                GPIO51_DriverIRQHandler
                0x000003ac                HSCMP0_DriverIRQHandler
                0x000003ac                QDC0_WDG_SAB_DriverIRQHandler
                0x000003ac                CDOG0_DriverIRQHandler
                0x000003ac                CAN0_DriverIRQHandler
                0x000003ac                SMARTDMA_DriverIRQHandler
                0x000003ac                SAI0_DriverIRQHandler
                0x000003ac                EMVSIM1_DriverIRQHandler
                0x000003ac                I3C1_DriverIRQHandler
                0x000003ac                GPIO21_DriverIRQHandler
                0x000003ac                FLEXSPI0_DriverIRQHandler
                0x000003ac                GPIO50_DriverIRQHandler
                0x000003ac                GPIO10_DriverIRQHandler
                0x000003ac                SCT0_DriverIRQHandler
                0x000003ac                CAN1_DriverIRQHandler
                0x000003ac                PLU_DriverIRQHandler
                0x000003ac                FLEXPWM0_SUBMODULE0_DriverIRQHandler
                0x000003ac                OS_EVENT_DriverIRQHandler
                0x000003ac                SINC_FILTER_DriverIRQHandler
                0x000003ac                NPU_DriverIRQHandler
                0x000003ac                GPIO41_DriverIRQHandler
                0x000003ac                SEC_HYPERVISOR_CALL_DriverIRQHandler
 *(SORT_BY_ALIGNMENT(.text*))
 *fill*         0x000003ae        0x2 ff
 .text.InitNewPWM
                0x000003b0      0x218 ./source/hbridge.o
                0x000003b0                InitNewPWM
 .text.main     0x000005c8      0x2c4 ./source/main.o
                0x000005c8                main
 *fill*         0x0000088c        0x4 ff
 .text.Steer    0x00000890      0x194 ./source/servo.o
                0x00000890                Steer
 .text.__assertion_failed
                0x00000a24       0x2c ./utilities/fsl_assert.o
                0x00000a24                __assertion_failed
 .text          0x00000a50       0xa0 ./utilities/fsl_memcpy.o
                0x00000a50                memcpy
 .text.PWM_SetupFaultDisableMap
                0x00000af0       0xd0 ./source/hbridge.o
 .text.HbridgeSetSpeed
                0x00000bc0      0x170 ./source/hbridge.o
                0x00000bc0                HbridgeSetSpeed
 .text.lpi2c_master_callback
                0x00000d30       0x24 ./source/pixy.o
 .text.Pixy2Init
                0x00000d54       0x50 ./source/pixy.o
                0x00000d54                Pixy2Init
 .text.PixySetLed
                0x00000da4       0xfc ./source/pixy.o
                0x00000da4                PixySetLed
 .text.PixyGetVectors
                0x00000ea0      0x1b0 ./source/pixy.o
                0x00000ea0                PixyGetVectors
 .text.delay_ms
                0x00001050       0x28 ./source/servo.o
                0x00001050                delay_ms
 .text.CLOCK_IsPLL0Locked
                0x00001078       0x28 ./drivers/fsl_clock.o
 .text.CLOCK_IsPLL1Locked
                0x000010a0       0x28 ./drivers/fsl_clock.o
 .text.CLOCK_SetupFROHFClocking
                0x000010c8       0x9c ./drivers/fsl_clock.o
                0x000010c8                CLOCK_SetupFROHFClocking
 .text.CLOCK_SetPll0MonitorMode
                0x00001164       0x38 ./drivers/fsl_clock.o
                0x00001164                CLOCK_SetPll0MonitorMode
 .text.CLOCK_AttachClk
                0x0000119c       0xb0 ./drivers/fsl_clock.o
                0x0000119c                CLOCK_AttachClk
 .text.CLOCK_SetClkDiv
                0x0000124c       0x54 ./drivers/fsl_clock.o
                0x0000124c                CLOCK_SetClkDiv
 .text.CLOCK_GetFreq
                0x000012a0      0x15c ./drivers/fsl_clock.o
                0x000012a0                CLOCK_GetFreq
 .text.CLOCK_GetLPFlexCommClkFreq
                0x000013fc       0xa0 ./drivers/fsl_clock.o
                0x000013fc                CLOCK_GetLPFlexCommClkFreq
 .text.CLOCK_GetPLL0InClockRate
                0x0000149c       0x58 ./drivers/fsl_clock.o
                0x0000149c                CLOCK_GetPLL0InClockRate
 .text.CLOCK_GetPLL1InClockRate
                0x000014f4       0x58 ./drivers/fsl_clock.o
                0x000014f4                CLOCK_GetPLL1InClockRate
 .text.CLOCK_SetPLL0Freq
                0x0000154c      0x10c ./drivers/fsl_clock.o
                0x0000154c                CLOCK_SetPLL0Freq
 .text.CLOCK_GetFro12MFreq
                0x00001658       0x2c ./drivers/fsl_clock.o
 .text.CLOCK_GetClk1MFreq
                0x00001684       0x14 ./drivers/fsl_clock.o
 .text.CLOCK_GetFroHfFreq
                0x00001698       0x4c ./drivers/fsl_clock.o
 .text.CLOCK_GetClk48MFreq
                0x000016e4       0x2c ./drivers/fsl_clock.o
 .text.CLOCK_GetClk144MFreq
                0x00001710       0x2c ./drivers/fsl_clock.o
 .text.CLOCK_GetClk16KFreq
                0x0000173c       0x44 ./drivers/fsl_clock.o
 .text.CLOCK_GetExtClkFreq
                0x00001780       0x2c ./drivers/fsl_clock.o
 .text.CLOCK_GetOsc32KFreq
                0x000017ac       0x4c ./drivers/fsl_clock.o
 .text.CLOCK_GetMainClkFreq
                0x000017f8       0x84 ./drivers/fsl_clock.o
                0x000017f8                CLOCK_GetMainClkFreq
 .text.CLOCK_GetClockOutClkFreq
                0x0000187c       0xa8 ./drivers/fsl_clock.o
 .text.CLOCK_GetLposcFreq
                0x00001924       0x48 ./drivers/fsl_clock.o
 .text.findPll0PreDiv
                0x0000196c       0x40 ./drivers/fsl_clock.o
 .text.findPll1PreDiv
                0x000019ac       0x40 ./drivers/fsl_clock.o
 .text.findPll0PostDiv
                0x000019ec       0x60 ./drivers/fsl_clock.o
 .text.findPll1PostDiv
                0x00001a4c       0x60 ./drivers/fsl_clock.o
 .text.findPll0MMult
                0x00001aac       0xac ./drivers/fsl_clock.o
 .text.findPll1MMult
                0x00001b58       0xac ./drivers/fsl_clock.o
 .text.SDK_DelayAtLeastUs
                0x00001c04       0x8c ./drivers/fsl_common_arm.o
                0x00001c04                SDK_DelayAtLeastUs
 .text.EDMA_HandleIRQ
                0x00001c90      0x1a4 ./drivers/fsl_edma.o
                0x00001c90                EDMA_HandleIRQ
 .text.EDMA_DriverIRQHandler
                0x00001e34       0x4c ./drivers/fsl_edma.o
                0x00001e34                EDMA_DriverIRQHandler
 .text.FLEXIO_CommonIRQHandler
                0x00001e80       0x58 ./drivers/fsl_flexio.o
 .text.GPIO_PinInit
                0x00001ed8       0x64 ./drivers/fsl_gpio.o
                0x00001ed8                GPIO_PinInit
 .text.LP_FLEXCOMM_GetBaseAddress
                0x00001f3c       0x2c ./drivers/fsl_lpflexcomm.o
                0x00001f3c                LP_FLEXCOMM_GetBaseAddress
 .text.LP_FLEXCOMM_GetInterruptStatus
                0x00001f68       0x28 ./drivers/fsl_lpflexcomm.o
                0x00001f68                LP_FLEXCOMM_GetInterruptStatus
 .text.LP_FLEXCOMM_SetPeriph
                0x00001f90       0x94 ./drivers/fsl_lpflexcomm.o
 .text.LP_FLEXCOMM_Init
                0x00002024       0x58 ./drivers/fsl_lpflexcomm.o
                0x00002024                LP_FLEXCOMM_Init
 .text.LP_FLEXCOMM_Deinit
                0x0000207c       0x44 ./drivers/fsl_lpflexcomm.o
                0x0000207c                LP_FLEXCOMM_Deinit
 .text.LP_FLEXCOMM_SetIRQHandler
                0x000020c0       0x70 ./drivers/fsl_lpflexcomm.o
                0x000020c0                LP_FLEXCOMM_SetIRQHandler
 .text.LP_FLEXCOMM_CommonIRQHandler
                0x00002130       0xb8 ./drivers/fsl_lpflexcomm.o
 .text.__NVIC_EnableIRQ
                0x000021e8       0x3c ./drivers/fsl_lpi2c.o
 .text.LPI2C_GetInstance
                0x00002224       0x4c ./drivers/fsl_lpi2c.o
                0x00002224                LPI2C_GetInstance
 .text.LPI2C_GetCyclesForWidth
                0x00002270       0x9c ./drivers/fsl_lpi2c.o
 .text.LPI2C_MasterGetDefaultConfig
                0x0000230c       0x6c ./drivers/fsl_lpi2c.o
                0x0000230c                LPI2C_MasterGetDefaultConfig
 .text.LPI2C_MasterInit
                0x00002378      0x208 ./drivers/fsl_lpi2c.o
                0x00002378                LPI2C_MasterInit
 .text.LPI2C_MasterDeinit
                0x00002580       0x44 ./drivers/fsl_lpi2c.o
                0x00002580                LPI2C_MasterDeinit
 .text.LPI2C_MasterSetBaudRate
                0x000025c4      0x2c4 ./drivers/fsl_lpi2c.o
                0x000025c4                LPI2C_MasterSetBaudRate
 .text.LPI2C_MasterTransferCreateHandle
                0x00002888       0xac ./drivers/fsl_lpi2c.o
                0x00002888                LPI2C_MasterTransferCreateHandle
 .text.LPI2C_RunTransferStateMachine
                0x00002934      0x310 ./drivers/fsl_lpi2c.o
 .text.LPI2C_MasterTransferNonBlocking
                0x00002c44       0xd0 ./drivers/fsl_lpi2c.o
                0x00002c44                LPI2C_MasterTransferNonBlocking
 .text.LPI2C_MasterTransferGetCount
                0x00002d14       0xa4 ./drivers/fsl_lpi2c.o
                0x00002d14                LPI2C_MasterTransferGetCount
 .text.LPI2C_MasterTransferAbort
                0x00002db8       0x54 ./drivers/fsl_lpi2c.o
                0x00002db8                LPI2C_MasterTransferAbort
 .text.LPI2C_MasterTransferHandleIRQ
                0x00002e0c       0xa8 ./drivers/fsl_lpi2c.o
                0x00002e0c                LPI2C_MasterTransferHandleIRQ
 .text.LPI2C_SlaveInit
                0x00002eb4      0x190 ./drivers/fsl_lpi2c.o
                0x00002eb4                LPI2C_SlaveInit
 .text.LPI2C_SlaveTransferCreateHandle
                0x00003044       0xb4 ./drivers/fsl_lpi2c.o
                0x00003044                LPI2C_SlaveTransferCreateHandle
 .text.LPI2C_SlaveTransferNonBlocking
                0x000030f8       0xa4 ./drivers/fsl_lpi2c.o
                0x000030f8                LPI2C_SlaveTransferNonBlocking
 .text.LPI2C_SlaveTransferGetCount
                0x0000319c       0x58 ./drivers/fsl_lpi2c.o
                0x0000319c                LPI2C_SlaveTransferGetCount
 .text.LPI2C_SlaveTransferAbort
                0x000031f4       0x50 ./drivers/fsl_lpi2c.o
                0x000031f4                LPI2C_SlaveTransferAbort
 .text.LPI2C_SlaveTransferHandleIRQ
                0x00003244      0x300 ./drivers/fsl_lpi2c.o
                0x00003244                LPI2C_SlaveTransferHandleIRQ
 .text.LPI2Cx_GetVersion
                0x00003544       0x2c ./drivers/fsl_lpi2c_cmsis.o
 .text.LPI2C_Master_InterruptTransmit
                0x00003570       0xac ./drivers/fsl_lpi2c_cmsis.o
 .text.LPI2C_Master_InterruptReceive
                0x0000361c       0xac ./drivers/fsl_lpi2c_cmsis.o
 .text.LPI2C_InterruptControl
                0x000036c8      0x148 ./drivers/fsl_lpi2c_cmsis.o
 .text.KSDK_LPI2C2_SLAVE_InterruptCallback
                0x00003810       0x24 ./drivers/fsl_lpi2c_cmsis.o
 .text.LPI2C2_InterruptInitialize
                0x00003834       0x20 ./drivers/fsl_lpi2c_cmsis.o
 .text.LPI2C2_InterruptUninitialize
                0x00003854       0x18 ./drivers/fsl_lpi2c_cmsis.o
 .text.LPI2C2_InterruptPowerControl
                0x0000386c       0x24 ./drivers/fsl_lpi2c_cmsis.o
 .text.LPI2C2_Master_InterruptTransmit
                0x00003890       0x2c ./drivers/fsl_lpi2c_cmsis.o
 .text.LPI2C2_Master_InterruptReceive
                0x000038bc       0x2c ./drivers/fsl_lpi2c_cmsis.o
 .text.LPI2C2_Slave_InterruptTransmit
                0x000038e8       0x30 ./drivers/fsl_lpi2c_cmsis.o
 .text.LPI2C2_Slave_InterruptReceive
                0x00003918       0x30 ./drivers/fsl_lpi2c_cmsis.o
 .text.LPI2C2_InterruptGetDataCount
                0x00003948       0x14 ./drivers/fsl_lpi2c_cmsis.o
 .text.LPI2C2_InterruptControl
                0x0000395c       0x24 ./drivers/fsl_lpi2c_cmsis.o
 .text.LPI2C2_InterruptGetStatus
                0x00003980       0x14 ./drivers/fsl_lpi2c_cmsis.o
 .text.dutyCycleToReloadValue
                0x00003994       0x30 ./drivers/fsl_pwm.o
 .text.PWM_GetInstance
                0x000039c4       0x4c ./drivers/fsl_pwm.o
 .text.PWM_SetPeriodRegister
                0x00003a10      0x190 ./drivers/fsl_pwm.o
 .text.PWM_SetDutycycleRegister
                0x00003ba0      0x278 ./drivers/fsl_pwm.o
 .text.PWM_Init
                0x00003e18      0x288 ./drivers/fsl_pwm.o
                0x00003e18                PWM_Init
 .text.PWM_GetDefaultConfig
                0x000040a0       0x60 ./drivers/fsl_pwm.o
                0x000040a0                PWM_GetDefaultConfig
 .text.PWM_SetupPwm
                0x00004100      0x338 ./drivers/fsl_pwm.o
                0x00004100                PWM_SetupPwm
 .text.PWM_UpdatePwmDutycycle
                0x00004438       0x60 ./drivers/fsl_pwm.o
                0x00004438                PWM_UpdatePwmDutycycle
 .text.PWM_UpdatePwmDutycycleHighAccuracy
                0x00004498      0x194 ./drivers/fsl_pwm.o
                0x00004498                PWM_UpdatePwmDutycycleHighAccuracy
 .text.PWM_SetupFaults
                0x0000462c      0x1f8 ./drivers/fsl_pwm.o
                0x0000462c                PWM_SetupFaults
 .text.PWM_FaultDefaultConfig
                0x00004824       0x44 ./drivers/fsl_pwm.o
                0x00004824                PWM_FaultDefaultConfig
 .text.RESET_SetPeripheralReset
                0x00004868       0x64 ./drivers/fsl_reset.o
                0x00004868                RESET_SetPeripheralReset
 .text.RESET_ClearPeripheralReset
                0x000048cc       0x64 ./drivers/fsl_reset.o
                0x000048cc                RESET_ClearPeripheralReset
 .text.SPC_SetSRAMOperateVoltage
                0x00004930       0x64 ./drivers/fsl_spc.o
                0x00004930                SPC_SetSRAMOperateVoltage
 .text.SPC_SetActiveModeCoreLDORegulatorConfig
                0x00004994       0x94 ./drivers/fsl_spc.o
                0x00004994                SPC_SetActiveModeCoreLDORegulatorConfig
 .text.SPC_SetActiveModeDCDCRegulatorConfig
                0x00004a28       0x68 ./drivers/fsl_spc.o
                0x00004a28                SPC_SetActiveModeDCDCRegulatorConfig
 .text.SystemInit
                0x00004a90      0x114 ./device/system_MCXN947_cm33_core0.o
                0x00004a90                SystemInit
 .text.BOARD_InitDebugConsole
                0x00004ba4       0x38 ./board/board.o
                0x00004ba4                BOARD_InitDebugConsole
 .text.BOARD_BootClockPLL150M
                0x00004bdc      0x10c ./board/clock_config.o
                0x00004bdc                BOARD_BootClockPLL150M
 .text.PORT_SetPinConfig
                0x00004ce8       0x38 ./board/pin_mux.o
 .text.BOARD_InitPins
                0x00004d20      0x200 ./board/pin_mux.o
                0x00004d20                BOARD_InitPins
 .text.LPI2C2_DeinitPins
                0x00004f20       0x48 ./board/pin_mux.o
                0x00004f20                LPI2C2_DeinitPins
 .text.malloc   0x00004f68       0xe8 c:/nxp/mcuxpressoide_11.9.1_2170/ide/plugins/com.nxp.mcuxpresso.tools.win32_11.9.1.202402080819/tools/bin/../lib/gcc/arm-none-eabi/12.3.1/../../../../arm-none-eabi/lib/thumb/v8-m.main+fp/hard\libcr_c.a(alloc.o)
                0x00004f68                malloc
 .text._Csys_alloc
                0x00005050       0x20 c:/nxp/mcuxpressoide_11.9.1_2170/ide/plugins/com.nxp.mcuxpresso.tools.win32_11.9.1.202402080819/tools/bin/../lib/gcc/arm-none-eabi/12.3.1/../../../../arm-none-eabi/lib/thumb/v8-m.main+fp/hard\libcr_c.a(alloc.o)
                0x00005050                _Csys_alloc
 .text._initio  0x00005070       0x78 c:/nxp/mcuxpressoide_11.9.1_2170/ide/plugins/com.nxp.mcuxpresso.tools.win32_11.9.1.202402080819/tools/bin/../lib/gcc/arm-none-eabi/12.3.1/../../../../arm-none-eabi/lib/thumb/v8-m.main+fp/hard\libcr_c.a(initio.o)
                0x00005070                _initio
 .text.__vfprintf
                0x000050e8      0xb78 c:/nxp/mcuxpressoide_11.9.1_2170/ide/plugins/com.nxp.mcuxpresso.tools.win32_11.9.1.202402080819/tools/bin/../lib/gcc/arm-none-eabi/12.3.1/../../../../arm-none-eabi/lib/thumb/v8-m.main+fp/hard\libcr_c.a(printf.o)
                0x000050e8                __vfprintf
 .text._vsnprintf
                0x00005c60       0x68 c:/nxp/mcuxpressoide_11.9.1_2170/ide/plugins/com.nxp.mcuxpresso.tools.win32_11.9.1.202402080819/tools/bin/../lib/gcc/arm-none-eabi/12.3.1/../../../../arm-none-eabi/lib/thumb/v8-m.main+fp/hard\libcr_c.a(printf.o)
                0x00005c60                _vsnprintf
 .text._printf  0x00005cc8       0x54 c:/nxp/mcuxpressoide_11.9.1_2170/ide/plugins/com.nxp.mcuxpresso.tools.win32_11.9.1.202402080819/tools/bin/../lib/gcc/arm-none-eabi/12.3.1/../../../../arm-none-eabi/lib/thumb/v8-m.main+fp/hard\libcr_c.a(printf.o)
                0x00005cc8                _printf
 .text._sbrk    0x00005d1c       0x3c c:/nxp/mcuxpressoide_11.9.1_2170/ide/plugins/com.nxp.mcuxpresso.tools.win32_11.9.1.202402080819/tools/bin/../lib/gcc/arm-none-eabi/12.3.1/../../../../arm-none-eabi/lib/thumb/v8-m.main+fp/hard\libcr_c.a(_cr_sbrk.o)
                0x00005d1c                _sbrk
 .text._Cwritebuf
                0x00005d58       0x6c c:/nxp/mcuxpressoide_11.9.1_2170/ide/plugins/com.nxp.mcuxpresso.tools.win32_11.9.1.202402080819/tools/bin/../lib/gcc/arm-none-eabi/12.3.1/../../../../arm-none-eabi/lib/thumb/v8-m.main+fp/hard\libcr_c.a(_writebuf.o)
                0x00005d58                _Cwritebuf
 .text.fflush   0x00005dc4       0x3c c:/nxp/mcuxpressoide_11.9.1_2170/ide/plugins/com.nxp.mcuxpresso.tools.win32_11.9.1.202402080819/tools/bin/../lib/gcc/arm-none-eabi/12.3.1/../../../../arm-none-eabi/lib/thumb/v8-m.main+fp/hard\libcr_c.a(fflush.o)
                0x00005dc4                fflush
 .text.fseek    0x00005e00       0xf8 c:/nxp/mcuxpressoide_11.9.1_2170/ide/plugins/com.nxp.mcuxpresso.tools.win32_11.9.1.202402080819/tools/bin/../lib/gcc/arm-none-eabi/12.3.1/../../../../arm-none-eabi/lib/thumb/v8-m.main+fp/hard\libcr_c.a(fseek.o)
                0x00005e00                fseek
 .text.ftell    0x00005ef8       0x44 c:/nxp/mcuxpressoide_11.9.1_2170/ide/plugins/com.nxp.mcuxpresso.tools.win32_11.9.1.202402080819/tools/bin/../lib/gcc/arm-none-eabi/12.3.1/../../../../arm-none-eabi/lib/thumb/v8-m.main+fp/hard\libcr_c.a(ftell.o)
                0x00005ef8                ftell
 .text.__check_heap_overflow
                0x00005f3c       0x18 c:/nxp/mcuxpressoide_11.9.1_2170/ide/plugins/com.nxp.mcuxpresso.tools.win32_11.9.1.202402080819/tools/bin/../lib/gcc/arm-none-eabi/12.3.1/../../../../arm-none-eabi/lib/thumb/v8-m.main+fp/hard\libcr_c.a(_cr_check_heap.o)
                0x00005f3c                __check_heap_overflow
 .text.__aeabi_dmul
                0x00005f54       0xfc c:/nxp/mcuxpressoide_11.9.1_2170/ide/plugins/com.nxp.mcuxpresso.tools.win32_11.9.1.202402080819/tools/bin/../lib/gcc/arm-none-eabi/12.3.1/thumb/v8-m.main+fp/hard\libcr_eabihelpers.a(double.o)
                0x00005f54                __aeabi_dmul
 .text.__aeabi_ddiv
                0x00006050      0x130 c:/nxp/mcuxpressoide_11.9.1_2170/ide/plugins/com.nxp.mcuxpresso.tools.win32_11.9.1.202402080819/tools/bin/../lib/gcc/arm-none-eabi/12.3.1/thumb/v8-m.main+fp/hard\libcr_eabihelpers.a(double.o)
                0x00006050                __aeabi_ddiv
 .text.__aeabi_dsub
                0x00006180      0x1b4 c:/nxp/mcuxpressoide_11.9.1_2170/ide/plugins/com.nxp.mcuxpresso.tools.win32_11.9.1.202402080819/tools/bin/../lib/gcc/arm-none-eabi/12.3.1/thumb/v8-m.main+fp/hard\libcr_eabihelpers.a(double.o)
                0x00006180                __aeabi_dsub
 .text.__aeabi_dadd
                0x00006334      0x13c c:/nxp/mcuxpressoide_11.9.1_2170/ide/plugins/com.nxp.mcuxpresso.tools.win32_11.9.1.202402080819/tools/bin/../lib/gcc/arm-none-eabi/12.3.1/thumb/v8-m.main+fp/hard\libcr_eabihelpers.a(double.o)
                0x00006334                __aeabi_dadd
 .text.__sys_appexit
                0x00006470        0xc c:/nxp/mcuxpressoide_11.9.1_2170/ide/plugins/com.nxp.mcuxpresso.tools.win32_11.9.1.202402080819/tools/bin/../lib/gcc/arm-none-eabi/12.3.1/../../../../arm-none-eabi/lib/thumb/v8-m.main+fp/hard\libcr_semihost_nf.a(__sys_appexit.o)
                0x00006470                __sys_appexit
                0x00006470                __exit
 .text.fsl_assert_hook
                0x0000647c       0x1a ./utilities/fsl_assert.o
                0x0000647c                fsl_assert_hook
 .text.OR_IRQHandler
                0x00006496        0x8 ./startup/startup_mcxn947_cm33_core0.o
                0x00006496                OR_IRQHandler
 .text.EDMA_0_CH0_IRQHandler
                0x0000649e        0x8 ./startup/startup_mcxn947_cm33_core0.o
                0x0000649e                EDMA_0_CH0_IRQHandler
 .text.EDMA_0_CH1_IRQHandler
                0x000064a6        0x8 ./startup/startup_mcxn947_cm33_core0.o
                0x000064a6                EDMA_0_CH1_IRQHandler
 .text.EDMA_0_CH2_IRQHandler
                0x000064ae        0x8 ./startup/startup_mcxn947_cm33_core0.o
                0x000064ae                EDMA_0_CH2_IRQHandler
 .text.EDMA_0_CH3_IRQHandler
                0x000064b6        0x8 ./startup/startup_mcxn947_cm33_core0.o
                0x000064b6                EDMA_0_CH3_IRQHandler
 .text.EDMA_0_CH4_IRQHandler
                0x000064be        0x8 ./startup/startup_mcxn947_cm33_core0.o
                0x000064be                EDMA_0_CH4_IRQHandler
 .text.EDMA_0_CH5_IRQHandler
                0x000064c6        0x8 ./startup/startup_mcxn947_cm33_core0.o
                0x000064c6                EDMA_0_CH5_IRQHandler
 .text.EDMA_0_CH6_IRQHandler
                0x000064ce        0x8 ./startup/startup_mcxn947_cm33_core0.o
                0x000064ce                EDMA_0_CH6_IRQHandler
 .text.EDMA_0_CH7_IRQHandler
                0x000064d6        0x8 ./startup/startup_mcxn947_cm33_core0.o
                0x000064d6                EDMA_0_CH7_IRQHandler
 .text.EDMA_0_CH8_IRQHandler
                0x000064de        0x8 ./startup/startup_mcxn947_cm33_core0.o
                0x000064de                EDMA_0_CH8_IRQHandler
 .text.EDMA_0_CH9_IRQHandler
                0x000064e6        0x8 ./startup/startup_mcxn947_cm33_core0.o
                0x000064e6                EDMA_0_CH9_IRQHandler
 .text.EDMA_0_CH10_IRQHandler
                0x000064ee        0x8 ./startup/startup_mcxn947_cm33_core0.o
                0x000064ee                EDMA_0_CH10_IRQHandler
 .text.EDMA_0_CH11_IRQHandler
                0x000064f6        0x8 ./startup/startup_mcxn947_cm33_core0.o
                0x000064f6                EDMA_0_CH11_IRQHandler
 .text.EDMA_0_CH12_IRQHandler
                0x000064fe        0x8 ./startup/startup_mcxn947_cm33_core0.o
                0x000064fe                EDMA_0_CH12_IRQHandler
 .text.EDMA_0_CH13_IRQHandler
                0x00006506        0x8 ./startup/startup_mcxn947_cm33_core0.o
                0x00006506                EDMA_0_CH13_IRQHandler
 .text.EDMA_0_CH14_IRQHandler
                0x0000650e        0x8 ./startup/startup_mcxn947_cm33_core0.o
                0x0000650e                EDMA_0_CH14_IRQHandler
 .text.EDMA_0_CH15_IRQHandler
                0x00006516        0x8 ./startup/startup_mcxn947_cm33_core0.o
                0x00006516                EDMA_0_CH15_IRQHandler
 .text.GPIO00_IRQHandler
                0x0000651e        0x8 ./startup/startup_mcxn947_cm33_core0.o
                0x0000651e                GPIO00_IRQHandler
 .text.GPIO01_IRQHandler
                0x00006526        0x8 ./startup/startup_mcxn947_cm33_core0.o
                0x00006526                GPIO01_IRQHandler
 .text.GPIO10_IRQHandler
                0x0000652e        0x8 ./startup/startup_mcxn947_cm33_core0.o
                0x0000652e                GPIO10_IRQHandler
 .text.GPIO11_IRQHandler
                0x00006536        0x8 ./startup/startup_mcxn947_cm33_core0.o
                0x00006536                GPIO11_IRQHandler
 .text.GPIO20_IRQHandler
                0x0000653e        0x8 ./startup/startup_mcxn947_cm33_core0.o
                0x0000653e                GPIO20_IRQHandler
 .text.GPIO21_IRQHandler
                0x00006546        0x8 ./startup/startup_mcxn947_cm33_core0.o
                0x00006546                GPIO21_IRQHandler
 .text.GPIO30_IRQHandler
                0x0000654e        0x8 ./startup/startup_mcxn947_cm33_core0.o
                0x0000654e                GPIO30_IRQHandler
 .text.GPIO31_IRQHandler
                0x00006556        0x8 ./startup/startup_mcxn947_cm33_core0.o
                0x00006556                GPIO31_IRQHandler
 .text.GPIO40_IRQHandler
                0x0000655e        0x8 ./startup/startup_mcxn947_cm33_core0.o
                0x0000655e                GPIO40_IRQHandler
 .text.GPIO41_IRQHandler
                0x00006566        0x8 ./startup/startup_mcxn947_cm33_core0.o
                0x00006566                GPIO41_IRQHandler
 .text.GPIO50_IRQHandler
                0x0000656e        0x8 ./startup/startup_mcxn947_cm33_core0.o
                0x0000656e                GPIO50_IRQHandler
 .text.GPIO51_IRQHandler
                0x00006576        0x8 ./startup/startup_mcxn947_cm33_core0.o
                0x00006576                GPIO51_IRQHandler
 .text.UTICK0_IRQHandler
                0x0000657e        0x8 ./startup/startup_mcxn947_cm33_core0.o
                0x0000657e                UTICK0_IRQHandler
 .text.MRT0_IRQHandler
                0x00006586        0x8 ./startup/startup_mcxn947_cm33_core0.o
                0x00006586                MRT0_IRQHandler
 .text.CTIMER0_IRQHandler
                0x0000658e        0x8 ./startup/startup_mcxn947_cm33_core0.o
                0x0000658e                CTIMER0_IRQHandler
 .text.CTIMER1_IRQHandler
                0x00006596        0x8 ./startup/startup_mcxn947_cm33_core0.o
                0x00006596                CTIMER1_IRQHandler
 .text.SCT0_IRQHandler
                0x0000659e        0x8 ./startup/startup_mcxn947_cm33_core0.o
                0x0000659e                SCT0_IRQHandler
 .text.CTIMER2_IRQHandler
                0x000065a6        0x8 ./startup/startup_mcxn947_cm33_core0.o
                0x000065a6                CTIMER2_IRQHandler
 .text.LP_FLEXCOMM0_IRQHandler
                0x000065ae        0x8 ./startup/startup_mcxn947_cm33_core0.o
                0x000065ae                LP_FLEXCOMM0_IRQHandler
 .text.LP_FLEXCOMM1_IRQHandler
                0x000065b6        0x8 ./startup/startup_mcxn947_cm33_core0.o
                0x000065b6                LP_FLEXCOMM1_IRQHandler
 .text.LP_FLEXCOMM2_IRQHandler
                0x000065be        0x8 ./startup/startup_mcxn947_cm33_core0.o
                0x000065be                LP_FLEXCOMM2_IRQHandler
 .text.LP_FLEXCOMM3_IRQHandler
                0x000065c6        0x8 ./startup/startup_mcxn947_cm33_core0.o
                0x000065c6                LP_FLEXCOMM3_IRQHandler
 .text.LP_FLEXCOMM4_IRQHandler
                0x000065ce        0x8 ./startup/startup_mcxn947_cm33_core0.o
                0x000065ce                LP_FLEXCOMM4_IRQHandler
 .text.LP_FLEXCOMM5_IRQHandler
                0x000065d6        0x8 ./startup/startup_mcxn947_cm33_core0.o
                0x000065d6                LP_FLEXCOMM5_IRQHandler
 .text.LP_FLEXCOMM6_IRQHandler
                0x000065de        0x8 ./startup/startup_mcxn947_cm33_core0.o
                0x000065de                LP_FLEXCOMM6_IRQHandler
 .text.LP_FLEXCOMM7_IRQHandler
                0x000065e6        0x8 ./startup/startup_mcxn947_cm33_core0.o
                0x000065e6                LP_FLEXCOMM7_IRQHandler
 .text.LP_FLEXCOMM8_IRQHandler
                0x000065ee        0x8 ./startup/startup_mcxn947_cm33_core0.o
                0x000065ee                LP_FLEXCOMM8_IRQHandler
 .text.LP_FLEXCOMM9_IRQHandler
                0x000065f6        0x8 ./startup/startup_mcxn947_cm33_core0.o
                0x000065f6                LP_FLEXCOMM9_IRQHandler
 .text.ADC0_IRQHandler
                0x000065fe        0x8 ./startup/startup_mcxn947_cm33_core0.o
                0x000065fe                ADC0_IRQHandler
 .text.ADC1_IRQHandler
                0x00006606        0x8 ./startup/startup_mcxn947_cm33_core0.o
                0x00006606                ADC1_IRQHandler
 .text.PINT0_IRQHandler
                0x0000660e        0x8 ./startup/startup_mcxn947_cm33_core0.o
                0x0000660e                PINT0_IRQHandler
 .text.PDM_EVENT_IRQHandler
                0x00006616        0x8 ./startup/startup_mcxn947_cm33_core0.o
                0x00006616                PDM_EVENT_IRQHandler
 .text.Reserved65_IRQHandler
                0x0000661e        0x8 ./startup/startup_mcxn947_cm33_core0.o
                0x0000661e                Reserved65_IRQHandler
 .text.USB0_FS_IRQHandler
                0x00006626        0x8 ./startup/startup_mcxn947_cm33_core0.o
                0x00006626                USB0_FS_IRQHandler
 .text.USB0_DCD_IRQHandler
                0x0000662e        0x8 ./startup/startup_mcxn947_cm33_core0.o
                0x0000662e                USB0_DCD_IRQHandler
 .text.RTC_IRQHandler
                0x00006636        0x8 ./startup/startup_mcxn947_cm33_core0.o
                0x00006636                RTC_IRQHandler
 .text.SMARTDMA_IRQHandler
                0x0000663e        0x8 ./startup/startup_mcxn947_cm33_core0.o
                0x0000663e                SMARTDMA_IRQHandler
 .text.MAILBOX_IRQHandler
                0x00006646        0x8 ./startup/startup_mcxn947_cm33_core0.o
                0x00006646                MAILBOX_IRQHandler
 .text.CTIMER3_IRQHandler
                0x0000664e        0x8 ./startup/startup_mcxn947_cm33_core0.o
                0x0000664e                CTIMER3_IRQHandler
 .text.CTIMER4_IRQHandler
                0x00006656        0x8 ./startup/startup_mcxn947_cm33_core0.o
                0x00006656                CTIMER4_IRQHandler
 .text.OS_EVENT_IRQHandler
                0x0000665e        0x8 ./startup/startup_mcxn947_cm33_core0.o
                0x0000665e                OS_EVENT_IRQHandler
 .text.FLEXSPI0_IRQHandler
                0x00006666        0x8 ./startup/startup_mcxn947_cm33_core0.o
                0x00006666                FLEXSPI0_IRQHandler
 .text.SAI0_IRQHandler
                0x0000666e        0x8 ./startup/startup_mcxn947_cm33_core0.o
                0x0000666e                SAI0_IRQHandler
 .text.SAI1_IRQHandler
                0x00006676        0x8 ./startup/startup_mcxn947_cm33_core0.o
                0x00006676                SAI1_IRQHandler
 .text.USDHC0_IRQHandler
                0x0000667e        0x8 ./startup/startup_mcxn947_cm33_core0.o
                0x0000667e                USDHC0_IRQHandler
 .text.CAN0_IRQHandler
                0x00006686        0x8 ./startup/startup_mcxn947_cm33_core0.o
                0x00006686                CAN0_IRQHandler
 .text.CAN1_IRQHandler
                0x0000668e        0x8 ./startup/startup_mcxn947_cm33_core0.o
                0x0000668e                CAN1_IRQHandler
 .text.Reserved80_IRQHandler
                0x00006696        0x8 ./startup/startup_mcxn947_cm33_core0.o
                0x00006696                Reserved80_IRQHandler
 .text.Reserved81_IRQHandler
                0x0000669e        0x8 ./startup/startup_mcxn947_cm33_core0.o
                0x0000669e                Reserved81_IRQHandler
 .text.USB1_HS_PHY_IRQHandler
                0x000066a6        0x8 ./startup/startup_mcxn947_cm33_core0.o
                0x000066a6                USB1_HS_PHY_IRQHandler
 .text.USB1_HS_IRQHandler
                0x000066ae        0x8 ./startup/startup_mcxn947_cm33_core0.o
                0x000066ae                USB1_HS_IRQHandler
 .text.SEC_HYPERVISOR_CALL_IRQHandler
                0x000066b6        0x8 ./startup/startup_mcxn947_cm33_core0.o
                0x000066b6                SEC_HYPERVISOR_CALL_IRQHandler
 .text.Reserved85_IRQHandler
                0x000066be        0x8 ./startup/startup_mcxn947_cm33_core0.o
                0x000066be                Reserved85_IRQHandler
 .text.PLU_IRQHandler
                0x000066c6        0x8 ./startup/startup_mcxn947_cm33_core0.o
                0x000066c6                PLU_IRQHandler
 .text.Freqme_IRQHandler
                0x000066ce        0x8 ./startup/startup_mcxn947_cm33_core0.o
                0x000066ce                Freqme_IRQHandler
 .text.SEC_VIO_IRQHandler
                0x000066d6        0x8 ./startup/startup_mcxn947_cm33_core0.o
                0x000066d6                SEC_VIO_IRQHandler
 .text.ELS_IRQHandler
                0x000066de        0x8 ./startup/startup_mcxn947_cm33_core0.o
                0x000066de                ELS_IRQHandler
 .text.PKC_IRQHandler
                0x000066e6        0x8 ./startup/startup_mcxn947_cm33_core0.o
                0x000066e6                PKC_IRQHandler
 .text.PUF_IRQHandler
                0x000066ee        0x8 ./startup/startup_mcxn947_cm33_core0.o
                0x000066ee                PUF_IRQHandler
 .text.PQ_IRQHandler
                0x000066f6        0x8 ./startup/startup_mcxn947_cm33_core0.o
                0x000066f6                PQ_IRQHandler
 .text.EDMA_1_CH0_IRQHandler
                0x000066fe        0x8 ./startup/startup_mcxn947_cm33_core0.o
                0x000066fe                EDMA_1_CH0_IRQHandler
 .text.EDMA_1_CH1_IRQHandler
                0x00006706        0x8 ./startup/startup_mcxn947_cm33_core0.o
                0x00006706                EDMA_1_CH1_IRQHandler
 .text.EDMA_1_CH2_IRQHandler
                0x0000670e        0x8 ./startup/startup_mcxn947_cm33_core0.o
                0x0000670e                EDMA_1_CH2_IRQHandler
 .text.EDMA_1_CH3_IRQHandler
                0x00006716        0x8 ./startup/startup_mcxn947_cm33_core0.o
                0x00006716                EDMA_1_CH3_IRQHandler
 .text.EDMA_1_CH4_IRQHandler
                0x0000671e        0x8 ./startup/startup_mcxn947_cm33_core0.o
                0x0000671e                EDMA_1_CH4_IRQHandler
 .text.EDMA_1_CH5_IRQHandler
                0x00006726        0x8 ./startup/startup_mcxn947_cm33_core0.o
                0x00006726                EDMA_1_CH5_IRQHandler
 .text.EDMA_1_CH6_IRQHandler
                0x0000672e        0x8 ./startup/startup_mcxn947_cm33_core0.o
                0x0000672e                EDMA_1_CH6_IRQHandler
 .text.EDMA_1_CH7_IRQHandler
                0x00006736        0x8 ./startup/startup_mcxn947_cm33_core0.o
                0x00006736                EDMA_1_CH7_IRQHandler
 .text.EDMA_1_CH8_IRQHandler
                0x0000673e        0x8 ./startup/startup_mcxn947_cm33_core0.o
                0x0000673e                EDMA_1_CH8_IRQHandler
 .text.EDMA_1_CH9_IRQHandler
                0x00006746        0x8 ./startup/startup_mcxn947_cm33_core0.o
                0x00006746                EDMA_1_CH9_IRQHandler
 .text.EDMA_1_CH10_IRQHandler
                0x0000674e        0x8 ./startup/startup_mcxn947_cm33_core0.o
                0x0000674e                EDMA_1_CH10_IRQHandler
 .text.EDMA_1_CH11_IRQHandler
                0x00006756        0x8 ./startup/startup_mcxn947_cm33_core0.o
                0x00006756                EDMA_1_CH11_IRQHandler
 .text.EDMA_1_CH12_IRQHandler
                0x0000675e        0x8 ./startup/startup_mcxn947_cm33_core0.o
                0x0000675e                EDMA_1_CH12_IRQHandler
 .text.EDMA_1_CH13_IRQHandler
                0x00006766        0x8 ./startup/startup_mcxn947_cm33_core0.o
                0x00006766                EDMA_1_CH13_IRQHandler
 .text.EDMA_1_CH14_IRQHandler
                0x0000676e        0x8 ./startup/startup_mcxn947_cm33_core0.o
                0x0000676e                EDMA_1_CH14_IRQHandler
 .text.EDMA_1_CH15_IRQHandler
                0x00006776        0x8 ./startup/startup_mcxn947_cm33_core0.o
                0x00006776                EDMA_1_CH15_IRQHandler
 .text.CDOG0_IRQHandler
                0x0000677e        0x8 ./startup/startup_mcxn947_cm33_core0.o
                0x0000677e                CDOG0_IRQHandler
 .text.CDOG1_IRQHandler
                0x00006786        0x8 ./startup/startup_mcxn947_cm33_core0.o
                0x00006786                CDOG1_IRQHandler
 .text.I3C0_IRQHandler
                0x0000678e        0x8 ./startup/startup_mcxn947_cm33_core0.o
                0x0000678e                I3C0_IRQHandler
 .text.I3C1_IRQHandler
                0x00006796        0x8 ./startup/startup_mcxn947_cm33_core0.o
                0x00006796                I3C1_IRQHandler
 .text.NPU_IRQHandler
                0x0000679e        0x8 ./startup/startup_mcxn947_cm33_core0.o
                0x0000679e                NPU_IRQHandler
 .text.GDET_IRQHandler
                0x000067a6        0x8 ./startup/startup_mcxn947_cm33_core0.o
                0x000067a6                GDET_IRQHandler
 .text.VBAT0_IRQHandler
                0x000067ae        0x8 ./startup/startup_mcxn947_cm33_core0.o
                0x000067ae                VBAT0_IRQHandler
 .text.EWM0_IRQHandler
                0x000067b6        0x8 ./startup/startup_mcxn947_cm33_core0.o
                0x000067b6                EWM0_IRQHandler
 .text.TSI_END_OF_SCAN_IRQHandler
                0x000067be        0x8 ./startup/startup_mcxn947_cm33_core0.o
                0x000067be                TSI_END_OF_SCAN_IRQHandler
 .text.TSI_OUT_OF_SCAN_IRQHandler
                0x000067c6        0x8 ./startup/startup_mcxn947_cm33_core0.o
                0x000067c6                TSI_OUT_OF_SCAN_IRQHandler
 .text.EMVSIM0_IRQHandler
                0x000067ce        0x8 ./startup/startup_mcxn947_cm33_core0.o
                0x000067ce                EMVSIM0_IRQHandler
 .text.EMVSIM1_IRQHandler
                0x000067d6        0x8 ./startup/startup_mcxn947_cm33_core0.o
                0x000067d6                EMVSIM1_IRQHandler
 .text.FLEXIO_IRQHandler
                0x000067de        0x8 ./startup/startup_mcxn947_cm33_core0.o
                0x000067de                FLEXIO_IRQHandler
 .text.DAC0_IRQHandler
                0x000067e6        0x8 ./startup/startup_mcxn947_cm33_core0.o
                0x000067e6                DAC0_IRQHandler
 .text.DAC1_IRQHandler
                0x000067ee        0x8 ./startup/startup_mcxn947_cm33_core0.o
                0x000067ee                DAC1_IRQHandler
 .text.DAC2_IRQHandler
                0x000067f6        0x8 ./startup/startup_mcxn947_cm33_core0.o
                0x000067f6                DAC2_IRQHandler
 .text.HSCMP0_IRQHandler
                0x000067fe        0x8 ./startup/startup_mcxn947_cm33_core0.o
                0x000067fe                HSCMP0_IRQHandler
 .text.HSCMP1_IRQHandler
                0x00006806        0x8 ./startup/startup_mcxn947_cm33_core0.o
                0x00006806                HSCMP1_IRQHandler
 .text.HSCMP2_IRQHandler
                0x0000680e        0x8 ./startup/startup_mcxn947_cm33_core0.o
                0x0000680e                HSCMP2_IRQHandler
 .text.FLEXPWM0_RELOAD_ERROR_IRQHandler
                0x00006816        0x8 ./startup/startup_mcxn947_cm33_core0.o
                0x00006816                FLEXPWM0_RELOAD_ERROR_IRQHandler
 .text.FLEXPWM0_FAULT_IRQHandler
                0x0000681e        0x8 ./startup/startup_mcxn947_cm33_core0.o
                0x0000681e                FLEXPWM0_FAULT_IRQHandler
 .text.FLEXPWM0_SUBMODULE0_IRQHandler
                0x00006826        0x8 ./startup/startup_mcxn947_cm33_core0.o
                0x00006826                FLEXPWM0_SUBMODULE0_IRQHandler
 .text.FLEXPWM0_SUBMODULE1_IRQHandler
                0x0000682e        0x8 ./startup/startup_mcxn947_cm33_core0.o
                0x0000682e                FLEXPWM0_SUBMODULE1_IRQHandler
 .text.FLEXPWM0_SUBMODULE2_IRQHandler
                0x00006836        0x8 ./startup/startup_mcxn947_cm33_core0.o
                0x00006836                FLEXPWM0_SUBMODULE2_IRQHandler
 .text.FLEXPWM0_SUBMODULE3_IRQHandler
                0x0000683e        0x8 ./startup/startup_mcxn947_cm33_core0.o
                0x0000683e                FLEXPWM0_SUBMODULE3_IRQHandler
 .text.FLEXPWM1_RELOAD_ERROR_IRQHandler
                0x00006846        0x8 ./startup/startup_mcxn947_cm33_core0.o
                0x00006846                FLEXPWM1_RELOAD_ERROR_IRQHandler
 .text.FLEXPWM1_FAULT_IRQHandler
                0x0000684e        0x8 ./startup/startup_mcxn947_cm33_core0.o
                0x0000684e                FLEXPWM1_FAULT_IRQHandler
 .text.FLEXPWM1_SUBMODULE0_IRQHandler
                0x00006856        0x8 ./startup/startup_mcxn947_cm33_core0.o
                0x00006856                FLEXPWM1_SUBMODULE0_IRQHandler
 .text.FLEXPWM1_SUBMODULE1_IRQHandler
                0x0000685e        0x8 ./startup/startup_mcxn947_cm33_core0.o
                0x0000685e                FLEXPWM1_SUBMODULE1_IRQHandler
 .text.FLEXPWM1_SUBMODULE2_IRQHandler
                0x00006866        0x8 ./startup/startup_mcxn947_cm33_core0.o
                0x00006866                FLEXPWM1_SUBMODULE2_IRQHandler
 .text.FLEXPWM1_SUBMODULE3_IRQHandler
                0x0000686e        0x8 ./startup/startup_mcxn947_cm33_core0.o
                0x0000686e                FLEXPWM1_SUBMODULE3_IRQHandler
 .text.QDC0_COMPARE_IRQHandler
                0x00006876        0x8 ./startup/startup_mcxn947_cm33_core0.o
                0x00006876                QDC0_COMPARE_IRQHandler
 .text.QDC0_HOME_IRQHandler
                0x0000687e        0x8 ./startup/startup_mcxn947_cm33_core0.o
                0x0000687e                QDC0_HOME_IRQHandler
 .text.QDC0_WDG_SAB_IRQHandler
                0x00006886        0x8 ./startup/startup_mcxn947_cm33_core0.o
                0x00006886                QDC0_WDG_SAB_IRQHandler
 .text.QDC0_IDX_IRQHandler
                0x0000688e        0x8 ./startup/startup_mcxn947_cm33_core0.o
                0x0000688e                QDC0_IDX_IRQHandler
 .text.QDC1_COMPARE_IRQHandler
                0x00006896        0x8 ./startup/startup_mcxn947_cm33_core0.o
                0x00006896                QDC1_COMPARE_IRQHandler
 .text.QDC1_HOME_IRQHandler
                0x0000689e        0x8 ./startup/startup_mcxn947_cm33_core0.o
                0x0000689e                QDC1_HOME_IRQHandler
 .text.QDC1_WDG_SAB_IRQHandler
                0x000068a6        0x8 ./startup/startup_mcxn947_cm33_core0.o
                0x000068a6                QDC1_WDG_SAB_IRQHandler
 .text.QDC1_IDX_IRQHandler
                0x000068ae        0x8 ./startup/startup_mcxn947_cm33_core0.o
                0x000068ae                QDC1_IDX_IRQHandler
 .text.ITRC0_IRQHandler
                0x000068b6        0x8 ./startup/startup_mcxn947_cm33_core0.o
                0x000068b6                ITRC0_IRQHandler
 .text.BSP32_IRQHandler
                0x000068be        0x8 ./startup/startup_mcxn947_cm33_core0.o
                0x000068be                BSP32_IRQHandler
 .text.ELS_ERR_IRQHandler
                0x000068c6        0x8 ./startup/startup_mcxn947_cm33_core0.o
                0x000068c6                ELS_ERR_IRQHandler
 .text.PKC_ERR_IRQHandler
                0x000068ce        0x8 ./startup/startup_mcxn947_cm33_core0.o
                0x000068ce                PKC_ERR_IRQHandler
 .text.ERM_SINGLE_BIT_ERROR_IRQHandler
                0x000068d6        0x8 ./startup/startup_mcxn947_cm33_core0.o
                0x000068d6                ERM_SINGLE_BIT_ERROR_IRQHandler
 .text.ERM_MULTI_BIT_ERROR_IRQHandler
                0x000068de        0x8 ./startup/startup_mcxn947_cm33_core0.o
                0x000068de                ERM_MULTI_BIT_ERROR_IRQHandler
 .text.FMU0_IRQHandler
                0x000068e6        0x8 ./startup/startup_mcxn947_cm33_core0.o
                0x000068e6                FMU0_IRQHandler
 .text.ETHERNET_IRQHandler
                0x000068ee        0x8 ./startup/startup_mcxn947_cm33_core0.o
                0x000068ee                ETHERNET_IRQHandler
 .text.ETHERNET_PMT_IRQHandler
                0x000068f6        0x8 ./startup/startup_mcxn947_cm33_core0.o
                0x000068f6                ETHERNET_PMT_IRQHandler
 .text.ETHERNET_MACLP_IRQHandler
                0x000068fe        0x8 ./startup/startup_mcxn947_cm33_core0.o
                0x000068fe                ETHERNET_MACLP_IRQHandler
 .text.SINC_FILTER_IRQHandler
                0x00006906        0x8 ./startup/startup_mcxn947_cm33_core0.o
                0x00006906                SINC_FILTER_IRQHandler
 .text.LPTMR0_IRQHandler
                0x0000690e        0x8 ./startup/startup_mcxn947_cm33_core0.o
                0x0000690e                LPTMR0_IRQHandler
 .text.LPTMR1_IRQHandler
                0x00006916        0x8 ./startup/startup_mcxn947_cm33_core0.o
                0x00006916                LPTMR1_IRQHandler
 .text.SCG_IRQHandler
                0x0000691e        0x8 ./startup/startup_mcxn947_cm33_core0.o
                0x0000691e                SCG_IRQHandler
 .text.SPC_IRQHandler
                0x00006926        0x8 ./startup/startup_mcxn947_cm33_core0.o
                0x00006926                SPC_IRQHandler
 .text.WUU_IRQHandler
                0x0000692e        0x8 ./startup/startup_mcxn947_cm33_core0.o
                0x0000692e                WUU_IRQHandler
 .text.PORT_EFT_IRQHandler
                0x00006936        0x8 ./startup/startup_mcxn947_cm33_core0.o
                0x00006936                PORT_EFT_IRQHandler
 .text.ETB0_IRQHandler
                0x0000693e        0x8 ./startup/startup_mcxn947_cm33_core0.o
                0x0000693e                ETB0_IRQHandler
 .text.Reserved166_IRQHandler
                0x00006946        0x8 ./startup/startup_mcxn947_cm33_core0.o
                0x00006946                Reserved166_IRQHandler
 .text.Reserved167_IRQHandler
                0x0000694e        0x8 ./startup/startup_mcxn947_cm33_core0.o
                0x0000694e                Reserved167_IRQHandler
 .text.WWDT0_IRQHandler
                0x00006956        0x8 ./startup/startup_mcxn947_cm33_core0.o
                0x00006956                WWDT0_IRQHandler
 .text.WWDT1_IRQHandler
                0x0000695e        0x8 ./startup/startup_mcxn947_cm33_core0.o
                0x0000695e                WWDT1_IRQHandler
 .text.CMC0_IRQHandler
                0x00006966        0x8 ./startup/startup_mcxn947_cm33_core0.o
                0x00006966                CMC0_IRQHandler
 .text.CTI0_IRQHandler
                0x0000696e        0x8 ./startup/startup_mcxn947_cm33_core0.o
                0x0000696e                CTI0_IRQHandler
 .text.PWM_StartTimer
                0x00006976       0x38 ./source/hbridge.o
 .text.PWM_SetPwmLdok
                0x000069ae       0x5e ./source/hbridge.o
 .text.GPIO_PinWrite
                0x00006a0c       0x36 ./source/hbridge.o
 .text.HbridgeInit
                0x00006a42      0x104 ./source/hbridge.o
                0x00006a42                HbridgeInit
 .text.CLOCK_EnableClock
                0x00006b46       0x8c ./source/main.o
 .text.LPI2C2_GetFreq
                0x00006bd2       0x10 ./source/main.o
                0x00006bd2                LPI2C2_GetFreq
 .text.HardFault_Handler
                0x00006be2       0x36 ./source/semihost_hardfault.o
                0x00006be2                HardFault_Handler
 .text.PWM_SetPwmLdok
                0x00006c18       0x5e ./source/servo.o
 .text.CLOCK_GetPll0OutFreq
                0x00006c76       0x82 ./drivers/fsl_clock.o
                0x00006c76                CLOCK_GetPll0OutFreq
 .text.CLOCK_GetPll1OutFreq
                0x00006cf8       0x82 ./drivers/fsl_clock.o
                0x00006cf8                CLOCK_GetPll1OutFreq
 .text.CLOCK_GetPllClkDivFreq
                0x00006d7a       0x5e ./drivers/fsl_clock.o
                0x00006d7a                CLOCK_GetPllClkDivFreq
 .text.CLOCK_GetCoreSysClkFreq
                0x00006dd8       0x2c ./drivers/fsl_clock.o
                0x00006dd8                CLOCK_GetCoreSysClkFreq
 .text.CLOCK_GetSystickClkFreq
                0x00006e04       0x74 ./drivers/fsl_clock.o
 .text.DelayLoop
                0x00006e78       0x20 ./drivers/fsl_common_arm.o
 .text.EDMA_0_CH0_DriverIRQHandler
                0x00006e98       0x10 ./drivers/fsl_edma_soc.o
                0x00006e98                EDMA_0_CH0_DriverIRQHandler
 .text.EDMA_0_CH1_DriverIRQHandler
                0x00006ea8       0x10 ./drivers/fsl_edma_soc.o
                0x00006ea8                EDMA_0_CH1_DriverIRQHandler
 .text.EDMA_0_CH2_DriverIRQHandler
                0x00006eb8       0x10 ./drivers/fsl_edma_soc.o
                0x00006eb8                EDMA_0_CH2_DriverIRQHandler
 .text.EDMA_0_CH3_DriverIRQHandler
                0x00006ec8       0x10 ./drivers/fsl_edma_soc.o
                0x00006ec8                EDMA_0_CH3_DriverIRQHandler
 .text.EDMA_0_CH4_DriverIRQHandler
                0x00006ed8       0x10 ./drivers/fsl_edma_soc.o
                0x00006ed8                EDMA_0_CH4_DriverIRQHandler
 .text.EDMA_0_CH5_DriverIRQHandler
                0x00006ee8       0x10 ./drivers/fsl_edma_soc.o
                0x00006ee8                EDMA_0_CH5_DriverIRQHandler
 .text.EDMA_0_CH6_DriverIRQHandler
                0x00006ef8       0x10 ./drivers/fsl_edma_soc.o
                0x00006ef8                EDMA_0_CH6_DriverIRQHandler
 .text.EDMA_0_CH7_DriverIRQHandler
                0x00006f08       0x10 ./drivers/fsl_edma_soc.o
                0x00006f08                EDMA_0_CH7_DriverIRQHandler
 .text.EDMA_0_CH8_DriverIRQHandler
                0x00006f18       0x10 ./drivers/fsl_edma_soc.o
                0x00006f18                EDMA_0_CH8_DriverIRQHandler
 .text.EDMA_0_CH9_DriverIRQHandler
                0x00006f28       0x10 ./drivers/fsl_edma_soc.o
                0x00006f28                EDMA_0_CH9_DriverIRQHandler
 .text.EDMA_0_CH10_DriverIRQHandler
                0x00006f38       0x10 ./drivers/fsl_edma_soc.o
                0x00006f38                EDMA_0_CH10_DriverIRQHandler
 .text.EDMA_0_CH11_DriverIRQHandler
                0x00006f48       0x10 ./drivers/fsl_edma_soc.o
                0x00006f48                EDMA_0_CH11_DriverIRQHandler
 .text.EDMA_0_CH12_DriverIRQHandler
                0x00006f58       0x10 ./drivers/fsl_edma_soc.o
                0x00006f58                EDMA_0_CH12_DriverIRQHandler
 .text.EDMA_0_CH13_DriverIRQHandler
                0x00006f68       0x10 ./drivers/fsl_edma_soc.o
                0x00006f68                EDMA_0_CH13_DriverIRQHandler
 .text.EDMA_0_CH14_DriverIRQHandler
                0x00006f78       0x10 ./drivers/fsl_edma_soc.o
                0x00006f78                EDMA_0_CH14_DriverIRQHandler
 .text.EDMA_0_CH15_DriverIRQHandler
                0x00006f88       0x10 ./drivers/fsl_edma_soc.o
                0x00006f88                EDMA_0_CH15_DriverIRQHandler
 .text.EDMA_1_CH0_DriverIRQHandler
                0x00006f98       0x10 ./drivers/fsl_edma_soc.o
                0x00006f98                EDMA_1_CH0_DriverIRQHandler
 .text.EDMA_1_CH1_DriverIRQHandler
                0x00006fa8       0x10 ./drivers/fsl_edma_soc.o
                0x00006fa8                EDMA_1_CH1_DriverIRQHandler
 .text.EDMA_1_CH2_DriverIRQHandler
                0x00006fb8       0x10 ./drivers/fsl_edma_soc.o
                0x00006fb8                EDMA_1_CH2_DriverIRQHandler
 .text.EDMA_1_CH3_DriverIRQHandler
                0x00006fc8       0x10 ./drivers/fsl_edma_soc.o
                0x00006fc8                EDMA_1_CH3_DriverIRQHandler
 .text.EDMA_1_CH4_DriverIRQHandler
                0x00006fd8       0x10 ./drivers/fsl_edma_soc.o
                0x00006fd8                EDMA_1_CH4_DriverIRQHandler
 .text.EDMA_1_CH5_DriverIRQHandler
                0x00006fe8       0x10 ./drivers/fsl_edma_soc.o
                0x00006fe8                EDMA_1_CH5_DriverIRQHandler
 .text.EDMA_1_CH6_DriverIRQHandler
                0x00006ff8       0x10 ./drivers/fsl_edma_soc.o
                0x00006ff8                EDMA_1_CH6_DriverIRQHandler
 .text.EDMA_1_CH7_DriverIRQHandler
                0x00007008       0x10 ./drivers/fsl_edma_soc.o
                0x00007008                EDMA_1_CH7_DriverIRQHandler
 .text.EDMA_1_CH8_DriverIRQHandler
                0x00007018       0x10 ./drivers/fsl_edma_soc.o
                0x00007018                EDMA_1_CH8_DriverIRQHandler
 .text.EDMA_1_CH9_DriverIRQHandler
                0x00007028       0x10 ./drivers/fsl_edma_soc.o
                0x00007028                EDMA_1_CH9_DriverIRQHandler
 .text.EDMA_1_CH10_DriverIRQHandler
                0x00007038       0x10 ./drivers/fsl_edma_soc.o
                0x00007038                EDMA_1_CH10_DriverIRQHandler
 .text.EDMA_1_CH11_DriverIRQHandler
                0x00007048       0x10 ./drivers/fsl_edma_soc.o
                0x00007048                EDMA_1_CH11_DriverIRQHandler
 .text.EDMA_1_CH12_DriverIRQHandler
                0x00007058       0x10 ./drivers/fsl_edma_soc.o
                0x00007058                EDMA_1_CH12_DriverIRQHandler
 .text.EDMA_1_CH13_DriverIRQHandler
                0x00007068       0x10 ./drivers/fsl_edma_soc.o
                0x00007068                EDMA_1_CH13_DriverIRQHandler
 .text.EDMA_1_CH14_DriverIRQHandler
                0x00007078       0x10 ./drivers/fsl_edma_soc.o
                0x00007078                EDMA_1_CH14_DriverIRQHandler
 .text.EDMA_1_CH15_DriverIRQHandler
                0x00007088       0x10 ./drivers/fsl_edma_soc.o
                0x00007088                EDMA_1_CH15_DriverIRQHandler
 .text.FLEXIO_DriverIRQHandler
                0x00007098        0xc ./drivers/fsl_flexio.o
                0x00007098                FLEXIO_DriverIRQHandler
 .text.GPIO_PinWrite
                0x000070a4       0x36 ./drivers/fsl_gpio.o
 .text.CLOCK_EnableClock
                0x000070da       0x8c ./drivers/fsl_lpflexcomm.o
 .text.CLOCK_DisableClock
                0x00007166       0xb0 ./drivers/fsl_lpflexcomm.o
 .text.LP_FLEXCOMM_PeripheralIsPresent
                0x00007216       0x52 ./drivers/fsl_lpflexcomm.o
 .text.LP_FLEXCOMM0_DriverIRQHandler
                0x00007268        0xe ./drivers/fsl_lpflexcomm.o
                0x00007268                LP_FLEXCOMM0_DriverIRQHandler
 .text.LP_FLEXCOMM1_DriverIRQHandler
                0x00007276        0xe ./drivers/fsl_lpflexcomm.o
                0x00007276                LP_FLEXCOMM1_DriverIRQHandler
 .text.LP_FLEXCOMM2_DriverIRQHandler
                0x00007284        0xe ./drivers/fsl_lpflexcomm.o
                0x00007284                LP_FLEXCOMM2_DriverIRQHandler
 .text.LP_FLEXCOMM3_DriverIRQHandler
                0x00007292        0xe ./drivers/fsl_lpflexcomm.o
                0x00007292                LP_FLEXCOMM3_DriverIRQHandler
 .text.LP_FLEXCOMM4_DriverIRQHandler
                0x000072a0        0xe ./drivers/fsl_lpflexcomm.o
                0x000072a0                LP_FLEXCOMM4_DriverIRQHandler
 .text.LP_FLEXCOMM5_DriverIRQHandler
                0x000072ae        0xe ./drivers/fsl_lpflexcomm.o
                0x000072ae                LP_FLEXCOMM5_DriverIRQHandler
 .text.LP_FLEXCOMM6_DriverIRQHandler
                0x000072bc        0xe ./drivers/fsl_lpflexcomm.o
                0x000072bc                LP_FLEXCOMM6_DriverIRQHandler
 .text.LP_FLEXCOMM7_DriverIRQHandler
                0x000072ca        0xe ./drivers/fsl_lpflexcomm.o
                0x000072ca                LP_FLEXCOMM7_DriverIRQHandler
 .text.LP_FLEXCOMM8_DriverIRQHandler
                0x000072d8        0xe ./drivers/fsl_lpflexcomm.o
                0x000072d8                LP_FLEXCOMM8_DriverIRQHandler
 .text.LP_FLEXCOMM9_DriverIRQHandler
                0x000072e6        0xe ./drivers/fsl_lpflexcomm.o
                0x000072e6                LP_FLEXCOMM9_DriverIRQHandler
 .text.CLOCK_EnableClock
                0x000072f4       0x8c ./drivers/fsl_lpi2c.o
 .text.CLOCK_DisableClock
                0x00007380       0xb0 ./drivers/fsl_lpi2c.o
 .text.EnableIRQ
                0x00007430       0x32 ./drivers/fsl_lpi2c.o
 .text.LPI2C_MasterReset
                0x00007462       0x20 ./drivers/fsl_lpi2c.o
 .text.LPI2C_MasterEnable
                0x00007482       0x28 ./drivers/fsl_lpi2c.o
 .text.LPI2C_MasterGetStatusFlags
                0x000074aa       0x18 ./drivers/fsl_lpi2c.o
 .text.LPI2C_MasterClearStatusFlags
                0x000074c2       0x1c ./drivers/fsl_lpi2c.o
 .text.LPI2C_MasterEnableInterrupts
                0x000074de       0x22 ./drivers/fsl_lpi2c.o
 .text.LPI2C_MasterDisableInterrupts
                0x00007500       0x24 ./drivers/fsl_lpi2c.o
 .text.LPI2C_MasterGetEnabledInterrupts
                0x00007524       0x18 ./drivers/fsl_lpi2c.o
 .text.LPI2C_MasterSetWatermarks
                0x0000753c       0x2c ./drivers/fsl_lpi2c.o
 .text.LPI2C_MasterGetFifoCounts
                0x00007568       0x3e ./drivers/fsl_lpi2c.o
 .text.LPI2C_SlaveReset
                0x000075a6       0x24 ./drivers/fsl_lpi2c.o
 .text.LPI2C_SlaveGetStatusFlags
                0x000075ca       0x1a ./drivers/fsl_lpi2c.o
 .text.LPI2C_SlaveClearStatusFlags
                0x000075e4       0x1e ./drivers/fsl_lpi2c.o
 .text.LPI2C_SlaveEnableInterrupts
                0x00007602       0x26 ./drivers/fsl_lpi2c.o
 .text.LPI2C_SlaveDisableInterrupts
                0x00007628       0x28 ./drivers/fsl_lpi2c.o
 .text.LPI2C_SlaveTransmitAck
                0x00007650       0x28 ./drivers/fsl_lpi2c.o
 .text.LPI2C_MasterCheckAndClearError
                0x00007678       0x80 ./drivers/fsl_lpi2c.o
                0x00007678                LPI2C_MasterCheckAndClearError
 .text.LPI2C_CheckForBusyBus
                0x000076f8       0x38 ./drivers/fsl_lpi2c.o
                0x000076f8                LPI2C_CheckForBusyBus
 .text.LPI2C_InitTransferStateMachine
                0x00007730      0x118 ./drivers/fsl_lpi2c.o
 .text.LPI2C_SlaveGetDefaultConfig
                0x00007848       0x80 ./drivers/fsl_lpi2c.o
                0x00007848                LPI2C_SlaveGetDefaultConfig
 .text.LPI2C_SlaveCheckAndClearError
                0x000078c8       0x50 ./drivers/fsl_lpi2c.o
 .text.LPI2C_MasterGetStatusFlags
                0x00007918       0x18 ./drivers/fsl_lpi2c_cmsis.o
 .text.LPI2C_SlaveGetStatusFlags
                0x00007930       0x1a ./drivers/fsl_lpi2c_cmsis.o
 .text.LPI2Cx_GetCapabilities
                0x0000794a       0x10 ./drivers/fsl_lpi2c_cmsis.o
 .text.KSDK_LPI2C_SLAVE_InterruptCallback
                0x0000795a       0x6c ./drivers/fsl_lpi2c_cmsis.o
 .text.KSDK_LPI2C_MASTER_InterruptCallback
                0x000079c6       0x4a ./drivers/fsl_lpi2c_cmsis.o
 .text.LPI2C_InterruptInitialize
                0x00007a10       0x30 ./drivers/fsl_lpi2c_cmsis.o
 .text.LPI2C_InterruptUninitialize
                0x00007a40       0x1c ./drivers/fsl_lpi2c_cmsis.o
 .text.LPI2C_Slave_InterruptTransmit
                0x00007a5c       0x7e ./drivers/fsl_lpi2c_cmsis.o
 .text.LPI2C_Slave_InterruptReceive
                0x00007ada       0x7e ./drivers/fsl_lpi2c_cmsis.o
 .text.LPI2C_InterruptGetDataCount
                0x00007b58       0x58 ./drivers/fsl_lpi2c_cmsis.o
 .text.LPI2C_InterruptPowerControl
                0x00007bb0       0xe6 ./drivers/fsl_lpi2c_cmsis.o
 .text.LPI2C_InterruptGetStatus
                0x00007c96       0xb0 ./drivers/fsl_lpi2c_cmsis.o
 .text.CLOCK_EnableClock
                0x00007d46       0x8c ./drivers/fsl_pwm.o
 .text.PWM_GetComplementU16
                0x00007dd2       0x1c ./drivers/fsl_pwm.o
 .text.SPC_GetActiveModeBandgapMode
                0x00007dee       0x22 ./drivers/fsl_spc.o
 .text.SPC_GetActiveModeVoltageDetectStatus
                0x00007e10       0x22 ./drivers/fsl_spc.o
 .text.SPC_GetActiveModeCoreLDOVDDVoltageLevel
                0x00007e32       0x22 ./drivers/fsl_spc.o
 .text.SPC_GetActiveModeCoreLDODriveStrength
                0x00007e54       0x22 ./drivers/fsl_spc.o
 .text.SPC_SetActiveModeDCDCRegulatorVoltageLevel
                0x00007e76       0x32 ./drivers/fsl_spc.o
 .text.SPC_SetActiveModeCoreLDORegulatorVoltageLevel
                0x00007ea8       0x60 ./drivers/fsl_spc.o
                0x00007ea8                SPC_SetActiveModeCoreLDORegulatorVoltageLevel
 .text.SPC_SetActiveModeCoreLDORegulatorDriveStrength
                0x00007f08       0x5e ./drivers/fsl_spc.o
                0x00007f08                SPC_SetActiveModeCoreLDORegulatorDriveStrength
 .text.SPC_SetActiveModeDCDCRegulatorDriveStrength
                0x00007f66       0x48 ./drivers/fsl_spc.o
                0x00007f66                SPC_SetActiveModeDCDCRegulatorDriveStrength
 .text.SystemInitHook
                0x00007fae        0xe ./device/system_MCXN947_cm33_core0.o
                0x00007fae                SystemInitHook
 .text.DbgConsole_Init
                0x00007fbc       0x20 ./board/board.o
 .text.CLOCK_EnableClock
                0x00007fdc       0x8c ./board/clock_config.o
 .text.BOARD_InitBootClocks
                0x00008068        0xc ./board/clock_config.o
                0x00008068                BOARD_InitBootClocks
 .text.CLOCK_EnableClock
                0x00008074       0x8c ./board/pin_mux.o
 .text.PORT_SetPinMux
                0x00008100       0x3e ./board/pin_mux.o
 .text.BOARD_InitBootPins
                0x0000813e        0xc ./board/pin_mux.o
                0x0000813e                BOARD_InitBootPins
 .text.__main   0x0000814a        0xe c:/nxp/mcuxpressoide_11.9.1_2170/ide/plugins/com.nxp.mcuxpresso.tools.win32_11.9.1.202402080819/tools/bin/../lib/gcc/arm-none-eabi/12.3.1/../../../../arm-none-eabi/lib/thumb/v8-m.main+fp/hard\libcr_semihost_nf.a(_cr__main.o)
                0x0000814a                __CR_SEMIHOST
                0x0000814a                __main
 .text.memset   0x00008158        0x4 c:/nxp/mcuxpressoide_11.9.1_2170/ide/plugins/com.nxp.mcuxpresso.tools.win32_11.9.1.202402080819/tools/bin/../lib/gcc/arm-none-eabi/12.3.1/../../../../arm-none-eabi/lib/thumb/v8-m.main+fp/hard\libcr_c.a(memset.o)
                0x00008158                memset
 .text.free     0x0000815c       0x30 c:/nxp/mcuxpressoide_11.9.1_2170/ide/plugins/com.nxp.mcuxpresso.tools.win32_11.9.1.202402080819/tools/bin/../lib/gcc/arm-none-eabi/12.3.1/../../../../arm-none-eabi/lib/thumb/v8-m.main+fp/hard\libcr_c.a(alloc.o)
                0x0000815c                free
 .text.no_fp_display
                0x0000818c        0x4 c:/nxp/mcuxpressoide_11.9.1_2170/ide/plugins/com.nxp.mcuxpresso.tools.win32_11.9.1.202402080819/tools/bin/../lib/gcc/arm-none-eabi/12.3.1/../../../../arm-none-eabi/lib/thumb/v8-m.main+fp/hard\libcr_c.a(printf.o)
 .text.setvbuf  0x00008190       0x3e c:/nxp/mcuxpressoide_11.9.1_2170/ide/plugins/com.nxp.mcuxpresso.tools.win32_11.9.1.202402080819/tools/bin/../lib/gcc/arm-none-eabi/12.3.1/../../../../arm-none-eabi/lib/thumb/v8-m.main+fp/hard\libcr_c.a(setvbuf.o)
                0x00008190                setvbuf
 .text.strlen   0x000081ce       0x4e c:/nxp/mcuxpressoide_11.9.1_2170/ide/plugins/com.nxp.mcuxpresso.tools.win32_11.9.1.202402080819/tools/bin/../lib/gcc/arm-none-eabi/12.3.1/../../../../arm-none-eabi/lib/thumb/v8-m.main+fp/hard\libcr_c.a(strlen.o)
                0x000081ce                strlen
 .text._deferredlazyseek
                0x0000821c       0x40 c:/nxp/mcuxpressoide_11.9.1_2170/ide/plugins/com.nxp.mcuxpresso.tools.win32_11.9.1.202402080819/tools/bin/../lib/gcc/arm-none-eabi/12.3.1/../../../../arm-none-eabi/lib/thumb/v8-m.main+fp/hard\libcr_c.a(_deferredlazyseek.o)
                0x0000821c                _deferredlazyseek
 .text.__flsbuf
                0x0000825c      0x140 c:/nxp/mcuxpressoide_11.9.1_2170/ide/plugins/com.nxp.mcuxpresso.tools.win32_11.9.1.202402080819/tools/bin/../lib/gcc/arm-none-eabi/12.3.1/../../../../arm-none-eabi/lib/thumb/v8-m.main+fp/hard\libcr_c.a(_deferredlazyseek.o)
                0x0000825c                __flsbuf
 .text._fdopen  0x0000839c       0x68 c:/nxp/mcuxpressoide_11.9.1_2170/ide/plugins/com.nxp.mcuxpresso.tools.win32_11.9.1.202402080819/tools/bin/../lib/gcc/arm-none-eabi/12.3.1/../../../../arm-none-eabi/lib/thumb/v8-m.main+fp/hard\libcr_c.a(_fdopen.o)
                0x0000839c                _fdopen
 .text._fflush  0x00008404       0x52 c:/nxp/mcuxpressoide_11.9.1_2170/ide/plugins/com.nxp.mcuxpresso.tools.win32_11.9.1.202402080819/tools/bin/../lib/gcc/arm-none-eabi/12.3.1/../../../../arm-none-eabi/lib/thumb/v8-m.main+fp/hard\libcr_c.a(_fflush.o)
                0x00008404                _fflush
 .text.fclose   0x00008456       0x58 c:/nxp/mcuxpressoide_11.9.1_2170/ide/plugins/com.nxp.mcuxpresso.tools.win32_11.9.1.202402080819/tools/bin/../lib/gcc/arm-none-eabi/12.3.1/../../../../arm-none-eabi/lib/thumb/v8-m.main+fp/hard\libcr_c.a(fclose.o)
                0x00008456                fclose
 .text.remove   0x000084ae       0x14 c:/nxp/mcuxpressoide_11.9.1_2170/ide/plugins/com.nxp.mcuxpresso.tools.win32_11.9.1.202402080819/tools/bin/../lib/gcc/arm-none-eabi/12.3.1/../../../../arm-none-eabi/lib/thumb/v8-m.main+fp/hard\libcr_c.a(remove.o)
                0x000084ae                remove
 .text._do_fflush
                0x000084c2       0x40 c:/nxp/mcuxpressoide_11.9.1_2170/ide/plugins/com.nxp.mcuxpresso.tools.win32_11.9.1.202402080819/tools/bin/../lib/gcc/arm-none-eabi/12.3.1/../../../../arm-none-eabi/lib/thumb/v8-m.main+fp/hard\libcr_c.a(_do_fflush.o)
                0x000084c2                _do_fflush
 .text.__aeabi_division_uldivmod
                0x00008502      0x174 c:/nxp/mcuxpressoide_11.9.1_2170/ide/plugins/com.nxp.mcuxpresso.tools.win32_11.9.1.202402080819/tools/bin/../lib/gcc/arm-none-eabi/12.3.1/thumb/v8-m.main+fp/hard\libcr_eabihelpers.a(division_64.o)
                0x00008502                __aeabi_uldivmod
                0x00008506                __bhs_ldivmod1
 .text.__aeabi_division_idiv0
                0x00008676        0x2 c:/nxp/mcuxpressoide_11.9.1_2170/ide/plugins/com.nxp.mcuxpresso.tools.win32_11.9.1.202402080819/tools/bin/../lib/gcc/arm-none-eabi/12.3.1/thumb/v8-m.main+fp/hard\libcr_eabihelpers.a(division_idiv0.o)
                0x00008676                __aeabi_idiv0
 .text.__aeabi_d2uiz
                0x00008678       0x34 c:/nxp/mcuxpressoide_11.9.1_2170/ide/plugins/com.nxp.mcuxpresso.tools.win32_11.9.1.202402080819/tools/bin/../lib/gcc/arm-none-eabi/12.3.1/thumb/v8-m.main+fp/hard\libcr_eabihelpers.a(double.o)
                0x00008678                __aeabi_d2uiz
 .text.__aeabi_dcmplt
                0x000086ac       0x5a c:/nxp/mcuxpressoide_11.9.1_2170/ide/plugins/com.nxp.mcuxpresso.tools.win32_11.9.1.202402080819/tools/bin/../lib/gcc/arm-none-eabi/12.3.1/thumb/v8-m.main+fp/hard\libcr_eabihelpers.a(double.o)
                0x000086ac                __aeabi_dcmplt
 .text.__aeabi_dcmpgt
                0x00008706       0x56 c:/nxp/mcuxpressoide_11.9.1_2170/ide/plugins/com.nxp.mcuxpresso.tools.win32_11.9.1.202402080819/tools/bin/../lib/gcc/arm-none-eabi/12.3.1/thumb/v8-m.main+fp/hard\libcr_eabihelpers.a(double.o)
                0x00008706                __aeabi_dcmpgt
 .text.__aeabi_f2ulz
                0x0000875c       0x3e c:/nxp/mcuxpressoide_11.9.1_2170/ide/plugins/com.nxp.mcuxpresso.tools.win32_11.9.1.202402080819/tools/bin/../lib/gcc/arm-none-eabi/12.3.1/thumb/v8-m.main+fp/hard\libcr_eabihelpers.a(float.o)
                0x0000875c                __aeabi_f2ulz
 .text.__aeabi_memset_lowlevel
                0x0000879a       0x32 c:/nxp/mcuxpressoide_11.9.1_2170/ide/plugins/com.nxp.mcuxpresso.tools.win32_11.9.1.202402080819/tools/bin/../lib/gcc/arm-none-eabi/12.3.1/thumb/v8-m.main+fp/hard\libcr_eabihelpers.a(memcpy.o)
                0x0000879a                __aeabi_lowlevel_memset
 .text.__sys_close
                0x000087cc        0xc c:/nxp/mcuxpressoide_11.9.1_2170/ide/plugins/com.nxp.mcuxpresso.tools.win32_11.9.1.202402080819/tools/bin/../lib/gcc/arm-none-eabi/12.3.1/../../../../arm-none-eabi/lib/thumb/v8-m.main+fp/hard\libcr_semihost_nf.a(__sys_close.o)
                0x000087cc                __sys_close
 .text.__sys_flen
                0x000087d8        0xc c:/nxp/mcuxpressoide_11.9.1_2170/ide/plugins/com.nxp.mcuxpresso.tools.win32_11.9.1.202402080819/tools/bin/../lib/gcc/arm-none-eabi/12.3.1/../../../../arm-none-eabi/lib/thumb/v8-m.main+fp/hard\libcr_semihost_nf.a(__sys_flen.o)
                0x000087d8                __sys_flen
 .text.__sys_istty
                0x000087e4        0xc c:/nxp/mcuxpressoide_11.9.1_2170/ide/plugins/com.nxp.mcuxpresso.tools.win32_11.9.1.202402080819/tools/bin/../lib/gcc/arm-none-eabi/12.3.1/../../../../arm-none-eabi/lib/thumb/v8-m.main+fp/hard\libcr_semihost_nf.a(__sys_istty.o)
                0x000087e4                __sys_istty
 .text.__sys_remove
                0x000087f0        0xc c:/nxp/mcuxpressoide_11.9.1_2170/ide/plugins/com.nxp.mcuxpresso.tools.win32_11.9.1.202402080819/tools/bin/../lib/gcc/arm-none-eabi/12.3.1/../../../../arm-none-eabi/lib/thumb/v8-m.main+fp/hard\libcr_semihost_nf.a(__sys_remove.o)
                0x000087f0                __sys_remove
 .text.__sys_seek
                0x000087fc        0xc c:/nxp/mcuxpressoide_11.9.1_2170/ide/plugins/com.nxp.mcuxpresso.tools.win32_11.9.1.202402080819/tools/bin/../lib/gcc/arm-none-eabi/12.3.1/../../../../arm-none-eabi/lib/thumb/v8-m.main+fp/hard\libcr_semihost_nf.a(__sys_seek.o)
                0x000087fc                __sys_seek
 .text.__sys_tmpnam
                0x00008808        0xc c:/nxp/mcuxpressoide_11.9.1_2170/ide/plugins/com.nxp.mcuxpresso.tools.win32_11.9.1.202402080819/tools/bin/../lib/gcc/arm-none-eabi/12.3.1/../../../../arm-none-eabi/lib/thumb/v8-m.main+fp/hard\libcr_semihost_nf.a(__sys_tmpnam.o)
                0x00008808                __sys_tmpnam
 .text.__sys_write
                0x00008814        0xc c:/nxp/mcuxpressoide_11.9.1_2170/ide/plugins/com.nxp.mcuxpresso.tools.win32_11.9.1.202402080819/tools/bin/../lib/gcc/arm-none-eabi/12.3.1/../../../../arm-none-eabi/lib/thumb/v8-m.main+fp/hard\libcr_semihost_nf.a(__sys_write.o)
                0x00008814                __sys_write
 *(SORT_BY_ALIGNMENT(.rodata) SORT_BY_ALIGNMENT(.rodata.*) SORT_BY_ALIGNMENT(.constdata) SORT_BY_ALIGNMENT(.constdata.*))
 .rodata.__assertion_failed.str1.4
                0x00008820       0x14 ./utilities/fsl_assert.o
 .rodata.PWM_SetupFaultDisableMap.str1.4
                0x00008834       0x6d ./source/hbridge.o
 *fill*         0x000088a1        0x3 ff
 .rodata.InitNewPWM.str1.4
                0x000088a4       0x92 ./source/hbridge.o
 *fill*         0x00008936        0x2 ff
 .rodata.main.str1.4
                0x00008938       0xe3 ./source/main.o
 *fill*         0x00008a1b        0x1 ff
 .rodata.PixySetLed.str1.4
                0x00008a1c       0xa9 ./source/pixy.o
                                 0xad (size before relaxing)
 *fill*         0x00008ac5        0x3 ff
 .rodata.Steer.str1.4
                0x00008ac8       0x15 ./source/servo.o
 *fill*         0x00008add        0x3 ff
 .rodata.SDK_DelayAtLeastUs.str1.4
                0x00008ae0       0x2b ./drivers/fsl_common_arm.o
 *fill*         0x00008b0b        0x1 ff
 .rodata.s_edmaBases
                0x00008b0c        0x8 ./drivers/fsl_edma.o
 .rodata.EDMA_HandleIRQ.str1.4
                0x00008b14       0x21 ./drivers/fsl_edma.o
 *fill*         0x00008b35        0x3 ff
 .rodata.GPIO_PinInit.str1.4
                0x00008b38       0x20 ./drivers/fsl_gpio.o
 .rodata.s_lpflexcommBaseAddrs
                0x00008b58       0x28 ./drivers/fsl_lpflexcomm.o
 .rodata.s_lpflexcommBase
                0x00008b80       0x28 ./drivers/fsl_lpflexcomm.o
 .rodata.s_lpflexcommClocks
                0x00008ba8       0x14 ./drivers/fsl_lpflexcomm.o
 .rodata.s_lpflexcommResets
                0x00008bbc       0x28 ./drivers/fsl_lpflexcomm.o
 .rodata.LP_FLEXCOMM_SetPeriph.str1.4
                0x00008be4       0x43 ./drivers/fsl_lpflexcomm.o
 *fill*         0x00008c27        0x1 ff
 .rodata.LP_FLEXCOMM_Init.str1.4
                0x00008c28       0x49 ./drivers/fsl_lpflexcomm.o
 *fill*         0x00008c71        0x3 ff
 .rodata.LP_FLEXCOMM_Deinit.str1.4
                0x00008c74       0x49 ./drivers/fsl_lpflexcomm.o
 *fill*         0x00008cbd        0x3 ff
 .rodata.LP_FLEXCOMM_SetIRQHandler.str1.4
                0x00008cc0       0x49 ./drivers/fsl_lpflexcomm.o
 *fill*         0x00008d09        0x3 ff
 .rodata.kLpi2cBases
                0x00008d0c       0x28 ./drivers/fsl_lpi2c.o
 .rodata.kLpi2cIrqs
                0x00008d34       0x14 ./drivers/fsl_lpi2c.o
                0x00008d34                kLpi2cIrqs
 .rodata.kLpi2cClocks
                0x00008d48       0x14 ./drivers/fsl_lpi2c.o
 .rodata.LPI2C_GetInstance.str1.4
                0x00008d5c       0x35 ./drivers/fsl_lpi2c.o
 *fill*         0x00008d91        0x3 ff
 .rodata.LPI2C_GetCyclesForWidth.str1.4
                0x00008d94       0x26 ./drivers/fsl_lpi2c.o
 *fill*         0x00008dba        0x2 ff
 .rodata.LPI2C_MasterInit.str1.4
                0x00008dbc       0x18 ./drivers/fsl_lpi2c.o
 .rodata.LPI2C_MasterTransferCreateHandle.str1.4
                0x00008dd4       0x22 ./drivers/fsl_lpi2c.o
 *fill*         0x00008df6        0x2 ff
 .rodata.LPI2C_RunTransferStateMachine.str1.4
                0x00008df8       0x19 ./drivers/fsl_lpi2c.o
 *fill*         0x00008e11        0x3 ff
 .rodata.LPI2C_MasterTransferNonBlocking.str1.4
                0x00008e14       0x94 ./drivers/fsl_lpi2c.o
 .rodata.LPI2C_MasterTransferGetCount.str1.4
                0x00008ea8       0x22 ./drivers/fsl_lpi2c.o
 *fill*         0x00008eca        0x2 ff
 .rodata.LPI2C_MasterTransferHandleIRQ.str1.4
                0x00008ecc       0x66 ./drivers/fsl_lpi2c.o
 *fill*         0x00008f32        0x2 ff
 .rodata.LPI2C_SlaveInit.str1.4
                0x00008f34       0x19 ./drivers/fsl_lpi2c.o
 *fill*         0x00008f4d        0x3 ff
 .rodata.LPI2C_SlaveTransferCreateHandle.str1.4
                0x00008f50       0x22 ./drivers/fsl_lpi2c.o
 *fill*         0x00008f72        0x2 ff
 .rodata.LPI2C_SlaveTransferNonBlocking.str1.4
                0x00008f74       0x22 ./drivers/fsl_lpi2c.o
 *fill*         0x00008f96        0x2 ff
 .rodata.LPI2C_SlaveTransferGetCount.str1.4
                0x00008f98       0x22 ./drivers/fsl_lpi2c.o
 *fill*         0x00008fba        0x2 ff
 .rodata.LPI2C_SlaveTransferAbort.str1.4
                0x00008fbc       0x22 ./drivers/fsl_lpi2c.o
 *fill*         0x00008fde        0x2 ff
 .rodata.LPI2C_SlaveTransferHandleIRQ.str1.4
                0x00008fe0       0x36 ./drivers/fsl_lpi2c.o
 *fill*         0x00009016        0x2 ff
 .rodata.s_lpi2cDriverVersion
                0x00009018        0x4 ./drivers/fsl_lpi2c_cmsis.o
 .rodata.LPI2C2_Resource
                0x0000901c        0x8 ./drivers/fsl_lpi2c_cmsis.o
 .rodata.Driver_I2C2
                0x00009024       0x30 ./drivers/fsl_lpi2c_cmsis.o
                0x00009024                Driver_I2C2
 .rodata.s_pwmBases
                0x00009054        0x8 ./drivers/fsl_pwm.o
 .rodata.s_pwmClocks
                0x0000905c       0x10 ./drivers/fsl_pwm.o
 .rodata.PWM_GetInstance.str1.4
                0x0000906c       0x31 ./drivers/fsl_pwm.o
 *fill*         0x0000909d        0x3 ff
 .rodata.PWM_SetPeriodRegister.str1.4
                0x000090a0       0x16 ./drivers/fsl_pwm.o
 *fill*         0x000090b6        0x2 ff
 .rodata.PWM_SetDutycycleRegister.str1.4
                0x000090b8       0x16 ./drivers/fsl_pwm.o
 *fill*         0x000090ce        0x2 ff
 .rodata.PWM_Init.str1.4
                0x000090d0       0x46 ./drivers/fsl_pwm.o
 *fill*         0x00009116        0x2 ff
 .rodata.PWM_GetDefaultConfig.str1.4
                0x00009118       0x17 ./drivers/fsl_pwm.o
 *fill*         0x0000912f        0x1 ff
 .rodata.PWM_SetupPwm.str1.4
                0x00009130       0x86 ./drivers/fsl_pwm.o
 *fill*         0x000091b6        0x2 ff
 .rodata.PWM_UpdatePwmDutycycle.str1.4
                0x000091b8       0x53 ./drivers/fsl_pwm.o
 *fill*         0x0000920b        0x1 ff
 .rodata.PWM_UpdatePwmDutycycleHighAccuracy.str1.4
                0x0000920c       0x3e ./drivers/fsl_pwm.o
 *fill*         0x0000924a        0x2 ff
 .rodata.PWM_SetupFaults.str1.4
                0x0000924c       0x33 ./drivers/fsl_pwm.o
 *fill*         0x0000927f        0x1 ff
 .rodata.PWM_FaultDefaultConfig.str1.4
                0x00009280       0x18 ./drivers/fsl_pwm.o
 .rodata.RESET_SetPeripheralReset.str1.4
                0x00009298       0x1e ./drivers/fsl_reset.o
 *fill*         0x000092b6        0x2 ff
 .rodata.RESET_ClearPeripheralReset.str1.4
                0x000092b8       0x1e ./drivers/fsl_reset.o
 *fill*         0x000092d6        0x2 ff
 .rodata.SPC_SetSRAMOperateVoltage.str1.4
                0x000092d8       0x1f ./drivers/fsl_spc.o
 *fill*         0x000092f7        0x1 ff
 .rodata.SPC_SetActiveModeCoreLDORegulatorConfig.str1.4
                0x000092f8       0x1f ./drivers/fsl_spc.o
 *fill*         0x00009317        0x1 ff
 .rodata.SPC_SetActiveModeDCDCRegulatorConfig.str1.4
                0x00009318       0x20 ./drivers/fsl_spc.o
 .rodata        0x00009338       0x22 ./board/clock_config.o
 *fill*         0x0000935a        0x2 ff
 .rodata.PORT_SetPinConfig.str1.4
                0x0000935c       0x6e ./board/pin_mux.o
 *fill*         0x000093ca        0x2 ff
 .rodata.__num_Ciob_streams
                0x000093cc        0x4 c:/nxp/mcuxpressoide_11.9.1_2170/ide/plugins/com.nxp.mcuxpresso.tools.win32_11.9.1.202402080819/tools/bin/../lib/gcc/arm-none-eabi/12.3.1/../../../../arm-none-eabi/lib/thumb/v8-m.main+fp/hard\libcr_semihost_nf.a(__ciob.o)
                0x000093cc                __num_Ciob_streams
 .rodata._Csys_alloc.str1.1
                0x000093d0       0x18 c:/nxp/mcuxpressoide_11.9.1_2170/ide/plugins/com.nxp.mcuxpresso.tools.win32_11.9.1.202402080819/tools/bin/../lib/gcc/arm-none-eabi/12.3.1/../../../../arm-none-eabi/lib/thumb/v8-m.main+fp/hard\libcr_c.a(alloc.o)
 .rodata._initio.str1.1
                0x000093e8        0x4 c:/nxp/mcuxpressoide_11.9.1_2170/ide/plugins/com.nxp.mcuxpresso.tools.win32_11.9.1.202402080819/tools/bin/../lib/gcc/arm-none-eabi/12.3.1/../../../../arm-none-eabi/lib/thumb/v8-m.main+fp/hard\libcr_c.a(initio.o)
 .rodata.__vfprintf.str1.1
                0x000093ec       0x37 c:/nxp/mcuxpressoide_11.9.1_2170/ide/plugins/com.nxp.mcuxpresso.tools.win32_11.9.1.202402080819/tools/bin/../lib/gcc/arm-none-eabi/12.3.1/../../../../arm-none-eabi/lib/thumb/v8-m.main+fp/hard\libcr_c.a(printf.o)
                                 0x38 (size before relaxing)
                0x00009424                        . = ALIGN (0x4)
 *fill*         0x00009423        0x1 ff

.glue_7         0x00009424        0x0
 .glue_7        0x00009424        0x0 linker stubs

.glue_7t        0x00009424        0x0