C:\Users\cezar\Documents\MCUXpressoIDE_11.9.1_2170\workspace5\frdmmcxn947_pwm\drivers/fsl_clock.h:1394:20:CLOCK_EnableClock	24	static
C:\Users\cezar\Documents\MCUXpressoIDE_11.9.1_2170\workspace5\frdmmcxn947_pwm\drivers/fsl_port.h:360:20:PORT_SetPinConfig	32	static
C:\Users\cezar\Documents\MCUXpressoIDE_11.9.1_2170\workspace5\frdmmcxn947_pwm\drivers/fsl_port.h:463:20:PORT_SetPinMux	24	static
../board/pin_mux.c:30:6:BOARD_InitBootPins	8	static
../board/pin_mux.c:74:6:BOARD_InitPins	32	static
../board/pin_mux.c:324:6:LPI2C2_InitPins	16	static
../board/pin_mux.c:396:6:LPI2C2_DeinitPins	16	static
